Component: ARM Compiler 5.06 update 4 (build 422) Tool: armlink [4d35d2]

==============================================================================

Section Cross References

    main.o(i.main) refers to delay.o(i.Systick_Configuration) for Systick_Configuration
    main.o(i.main) refers to nvic.o(i.NVIC_Configuration) for NVIC_Configuration
    main.o(i.main) refers to can.o(i.CAN1_Configuration) for CAN1_Configuration
    main.o(i.main) refers to algorithm.o(i.Chassis_MOTOR_Init) for Chassis_MOTOR_Init
    main.o(i.main) refers to usart.o(i.UART1_Configuration) for UART1_Configuration
    main.o(i.main) refers to usart.o(i.UART2_Configuration) for UART2_Configuration
    main.o(i.main) refers to time.o(i.TIM7_Configuration) for TIM7_Configuration
    main.o(i.main) refers to oled.o(i.OLED_Init) for OLED_Init
    main.o(i.main) refers to show.o(i.oled_show) for oled_show
    main.o(i.main) refers to algorithm.o(i.Chassis_Algorithm_Model) for Chassis_Algorithm_Model
    can.o(i.CAN1_Configuration) refers to stm32f10x_rcc.o(i.RCC_APB2PeriphClockCmd) for RCC_APB2PeriphClockCmd
    can.o(i.CAN1_Configuration) refers to stm32f10x_rcc.o(i.RCC_APB1PeriphClockCmd) for RCC_APB1PeriphClockCmd
    can.o(i.CAN1_Configuration) refers to stm32f10x_gpio.o(i.GPIO_Init) for GPIO_Init
    can.o(i.CAN1_Configuration) refers to stm32f10x_can.o(i.CAN_DeInit) for CAN_DeInit
    can.o(i.CAN1_Configuration) refers to stm32f10x_can.o(i.CAN_Init) for CAN_Init
    can.o(i.CAN1_Configuration) refers to stm32f10x_can.o(i.CAN_FilterInit) for CAN_FilterInit
    can.o(i.CAN1_Configuration) refers to stm32f10x_can.o(i.CAN_ITConfig) for CAN_ITConfig
    can.o(i.CAN_RoboModule_DRV_Config) refers to stm32f10x_can.o(i.CAN_Transmit) for CAN_Transmit
    can.o(i.CAN_RoboModule_DRV_Config) refers to can.o(.data) for can_tx_success_flag
    can.o(i.CAN_RoboModule_DRV_Current_Mode) refers to stm32f10x_can.o(i.CAN_Transmit) for CAN_Transmit
    can.o(i.CAN_RoboModule_DRV_Current_Mode) refers to can.o(.data) for can_tx_success_flag
    can.o(i.CAN_RoboModule_DRV_Current_Position_Mode) refers to stm32f10x_can.o(i.CAN_Transmit) for CAN_Transmit
    can.o(i.CAN_RoboModule_DRV_Current_Position_Mode) refers to can.o(.data) for can_tx_success_flag
    can.o(i.CAN_RoboModule_DRV_Current_Velocity_Mode) refers to stm32f10x_can.o(i.CAN_Transmit) for CAN_Transmit
    can.o(i.CAN_RoboModule_DRV_Current_Velocity_Mode) refers to can.o(.data) for can_tx_success_flag
    can.o(i.CAN_RoboModule_DRV_Current_Velocity_Position_Mode) refers to stm32f10x_can.o(i.CAN_Transmit) for CAN_Transmit
    can.o(i.CAN_RoboModule_DRV_Current_Velocity_Position_Mode) refers to can.o(.data) for can_tx_success_flag
    can.o(i.CAN_RoboModule_DRV_Mode_Choice) refers to stm32f10x_can.o(i.CAN_Transmit) for CAN_Transmit
    can.o(i.CAN_RoboModule_DRV_Mode_Choice) refers to can.o(.data) for can_tx_success_flag
    can.o(i.CAN_RoboModule_DRV_Online_Check) refers to stm32f10x_can.o(i.CAN_Transmit) for CAN_Transmit
    can.o(i.CAN_RoboModule_DRV_Online_Check) refers to can.o(.data) for can_tx_success_flag
    can.o(i.CAN_RoboModule_DRV_OpenLoop_Mode) refers to stm32f10x_can.o(i.CAN_Transmit) for CAN_Transmit
    can.o(i.CAN_RoboModule_DRV_OpenLoop_Mode) refers to can.o(.data) for can_tx_success_flag
    can.o(i.CAN_RoboModule_DRV_Position_Mode) refers to stm32f10x_can.o(i.CAN_Transmit) for CAN_Transmit
    can.o(i.CAN_RoboModule_DRV_Position_Mode) refers to can.o(.data) for can_tx_success_flag
    can.o(i.CAN_RoboModule_DRV_Reset) refers to stm32f10x_can.o(i.CAN_Transmit) for CAN_Transmit
    can.o(i.CAN_RoboModule_DRV_Reset) refers to can.o(.data) for can_tx_success_flag
    can.o(i.CAN_RoboModule_DRV_Velocity_Mode) refers to stm32f10x_can.o(i.CAN_Transmit) for CAN_Transmit
    can.o(i.CAN_RoboModule_DRV_Velocity_Mode) refers to can.o(.data) for can_tx_success_flag
    can.o(i.CAN_RoboModule_DRV_Velocity_Position_Mode) refers to stm32f10x_can.o(i.CAN_Transmit) for CAN_Transmit
    can.o(i.CAN_RoboModule_DRV_Velocity_Position_Mode) refers to can.o(.data) for can_tx_success_flag
    can.o(i.USB_HP_CAN1_TX_IRQHandler) refers to stm32f10x_can.o(i.CAN_GetITStatus) for CAN_GetITStatus
    can.o(i.USB_HP_CAN1_TX_IRQHandler) refers to stm32f10x_can.o(i.CAN_ClearITPendingBit) for CAN_ClearITPendingBit
    can.o(i.USB_HP_CAN1_TX_IRQHandler) refers to can.o(.data) for can_tx_success_flag
    can.o(i.USB_LP_CAN1_RX0_IRQHandler) refers to stm32f10x_can.o(i.CAN_GetITStatus) for CAN_GetITStatus
    can.o(i.USB_LP_CAN1_RX0_IRQHandler) refers to stm32f10x_can.o(i.CAN_ClearITPendingBit) for CAN_ClearITPendingBit
    can.o(i.USB_LP_CAN1_RX0_IRQHandler) refers to stm32f10x_can.o(i.CAN_Receive) for CAN_Receive
    usart.o(i.DMA1_Channel5_IRQHandler) refers to stm32f10x_dma.o(i.DMA_GetFlagStatus) for DMA_GetFlagStatus
    usart.o(i.DMA1_Channel5_IRQHandler) refers to stm32f10x_dma.o(i.DMA_ClearFlag) for DMA_ClearFlag
[...]
    cos_i.o(i.__kernel_cos) refers to dscalb.o(.text) for __ARM_scalbn
    cos_i.o(i.__kernel_cos) refers to cos_i.o(.constdata) for .constdata
    cos_i.o(.constdata) refers (Special) to iusefp.o(.text) for __I$use$fp
    dunder.o(i.__mathlib_dbl_divzero) refers to ddiv.o(.text) for __aeabi_ddiv
    dunder.o(i.__mathlib_dbl_infnan) refers to dscalb.o(.text) for __ARM_scalbn
    dunder.o(i.__mathlib_dbl_infnan2) refers to dadd.o(.text) for __aeabi_dadd
    dunder.o(i.__mathlib_dbl_invalid) refers to ddiv.o(.text) for __aeabi_ddiv
    dunder.o(i.__mathlib_dbl_overflow) refers to dscalb.o(.text) for __ARM_scalbn
    dunder.o(i.__mathlib_dbl_posinfnan) refers to dmul.o(.text) for __aeabi_dmul
    dunder.o(i.__mathlib_dbl_underflow) refers to dscalb.o(.text) for __ARM_scalbn
    fpclassify.o(i.__ARM_fpclassify) refers (Special) to iusefp.o(.text) for __I$use$fp
    poly.o(i.__kernel_poly) refers (Special) to iusefp.o(.text) for __I$use$fp
    poly.o(i.__kernel_poly) refers to dmul.o(.text) for __aeabi_dmul
    poly.o(i.__kernel_poly) refers to dadd.o(.text) for __aeabi_dadd
    qnan.o(.constdata) refers (Special) to iusefp.o(.text) for __I$use$fp
    rred.o(i.__ieee754_rem_pio2) refers (Special) to iusefp.o(.text) for __I$use$fp
    rred.o(i.__ieee754_rem_pio2) refers to dadd.o(.text) for __aeabi_dsub
    rred.o(i.__ieee754_rem_pio2) refers to dmul.o(.text) for __aeabi_dmul
    rred.o(i.__ieee754_rem_pio2) refers to dfixi.o(.text) for __aeabi_d2iz
    rred.o(i.__ieee754_rem_pio2) refers to dflti.o(.text) for __aeabi_i2d
    rred.o(i.__ieee754_rem_pio2) refers to dfltui.o(.text) for __aeabi_ui2d
    rred.o(i.__ieee754_rem_pio2) refers to dscalb.o(.text) for __ARM_scalbn
    rred.o(i.__ieee754_rem_pio2) refers to rred.o(.constdata) for .constdata
    rred.o(i.__use_accurate_range_reduction) refers (Special) to iusefp.o(.text) for __I$use$fp
    rred.o(.constdata) refers (Special) to iusefp.o(.text) for __I$use$fp
    sin_i.o(i.__kernel_sin) refers (Special) to iusefp.o(.text) for __I$use$fp
    sin_i.o(i.__kernel_sin) refers to fpclassify.o(i.__ARM_fpclassify) for __ARM_fpclassify
    sin_i.o(i.__kernel_sin) refers to dunder.o(i.__mathlib_dbl_underflow) for __mathlib_dbl_underflow
    sin_i.o(i.__kernel_sin) refers to dmul.o(.text) for __aeabi_dmul
    sin_i.o(i.__kernel_sin) refers to poly.o(i.__kernel_poly) for __kernel_poly
    sin_i.o(i.__kernel_sin) refers to dscalb.o(.text) for __ARM_scalbn
    sin_i.o(i.__kernel_sin) refers to dadd.o(.text) for __aeabi_dsub
    sin_i.o(i.__kernel_sin) refers to sin_i.o(.constdata) for .constdata
    sin_i.o(.constdata) refers (Special) to iusefp.o(.text) for __I$use$fp
    sin_i_x.o(i.____kernel_sin$lsc) refers (Special) to iusefp.o(.text) for __I$use$fp
    sin_i_x.o(i.____kernel_sin$lsc) refers to dmul.o(.text) for __aeabi_dmul
    sin_i_x.o(i.____kernel_sin$lsc) refers to poly.o(i.__kernel_poly) for __kernel_poly
    sin_i_x.o(i.____kernel_sin$lsc) refers to dscalb.o(.text) for __ARM_scalbn
    sin_i_x.o(i.____kernel_sin$lsc) refers to dadd.o(.text) for __aeabi_dsub
    sin_i_x.o(i.____kernel_sin$lsc) refers to sin_i_x.o(.constdata) for .constdata
    sin_i_x.o(.constdata) refers (Special) to iusefp.o(.text) for __I$use$fp
    entry2.o(.ARM.Collect$$$$00000001) refers to entry2.o(.ARM.Collect$$$$00002712) for __lit__00000000
    entry2.o(.ARM.Collect$$$$00002712) refers to startup_stm32f10x_hd.o(STACK) for __initial_sp
    entry2.o(__vectab_stack_and_reset_area) refers to startup_stm32f10x_hd.o(STACK) for __initial_sp
    entry2.o(__vectab_stack_and_reset_area) refers to entry.o(.ARM.Collect$$$$00000000) for __main
    entry5.o(.ARM.Collect$$$$00000004) refers to init.o(.text) for __scatterload
    entry9a.o(.ARM.Collect$$$$0000000B) refers to main.o(i.main) for main
    entry9b.o(.ARM.Collect$$$$0000000C) refers to main.o(i.main) for main
    errno.o(i.__aeabi_errno_addr) refers to errno.o(.data) for .data
    errno.o(i.__read_errno) refers to errno.o(.data) for .data
    errno.o(i.__set_errno) refers to errno.o(.data) for .data
    depilogue.o(.text) refers to llshl.o(.text) for __aeabi_llsl
    depilogue.o(.text) refers to llushr.o(.text) for __aeabi_llsr
    dsqrt.o(.text) refers to llushr.o(.text) for __aeabi_llsr
    dsqrt.o(.text) refers to depilogue.o(.text) for _double_round
    init.o(.text) refers to entry5.o(.ARM.Collect$$$$00000004) for __main_after_scatterload


==============================================================================

Removing Unused input sections from the image.

    Removing main.o(.rev16_text), (4 bytes).
    Removing main.o(.revsh_text), (4 bytes).
    Removing main.o(.rrx_text), (6 bytes).
    Removing can.o(.rev16_text), (4 bytes).
    Removing can.o(.revsh_text), (4 bytes).
    Removing can.o(.rrx_text), (6 bytes).
    Removing can.o(i.CAN_RoboModule_DRV_Current_Mode), (164 bytes).
    Removing can.o(i.CAN_RoboModule_DRV_Current_Position_Mode), (144 bytes).
    Removing can.o(i.CAN_RoboModule_DRV_Current_Velocity_Mode), (140 bytes).
    Removing can.o(i.CAN_RoboModule_DRV_Current_Velocity_Position_Mode), (168 bytes).
    Removing can.o(i.CAN_RoboModule_DRV_Online_Check), (112 bytes).
    Removing can.o(i.CAN_RoboModule_DRV_OpenLoop_Mode), (140 bytes).
    Removing can.o(i.CAN_RoboModule_DRV_Position_Mode), (168 bytes).
    Removing can.o(i.CAN_RoboModule_DRV_Velocity_Position_Mode), (192 bytes).
    Removing can.o(.bss), (16 bytes).
    Removing usart.o(.rev16_text), (4 bytes).
    Removing usart.o(.revsh_text), (4 bytes).
    Removing usart.o(.rrx_text), (6 bytes).
    Removing stmflash.o(.rev16_text), (4 bytes).
    Removing stmflash.o(.revsh_text), (4 bytes).
    Removing stmflash.o(.rrx_text), (6 bytes).
    Removing stmflash.o(i.STMFLASH_ErasePage), (76 bytes).
    Removing stmflash.o(i.STMFLASH_GetStatus), (44 bytes).
    Removing stmflash.o(i.STMFLASH_Lock), (20 bytes).
    Removing stmflash.o(i.STMFLASH_Read), (34 bytes).
    Removing stmflash.o(i.STMFLASH_ReadHalfWord), (6 bytes).
    Removing stmflash.o(i.STMFLASH_Unlock), (24 bytes).
    Removing stmflash.o(i.STMFLASH_WaitDone), (42 bytes).
    Removing stmflash.o(i.STMFLASH_Write), (232 bytes).
    Removing stmflash.o(i.STMFLASH_WriteHalfWord), (64 bytes).
    Removing stmflash.o(i.STMFLASH_Write_NoCheck), (38 bytes).
    Removing stmflash.o(i.Test_Write), (16 bytes).
    Removing stmflash.o(.bss), (2048 bytes).
    Removing time.o(.rev16_text), (4 bytes).
    Removing time.o(.revsh_text), (4 bytes).
    Removing time.o(.rrx_text), (6 bytes).
    Removing key.o(.rev16_text), (4 bytes).
    Removing key.o(.revsh_text), (4 bytes).
    Removing key.o(.rrx_text), (6 bytes).
    Removing key.o(i.Key_All_Init), (8 bytes).
    Removing key.o(i.Key_Patrol_Init), (80 bytes).
    Removing led.o(.rev16_text), (4 bytes).
    Removing led.o(.revsh_text), (4 bytes).
    Removing led.o(.rrx_text), (6 bytes).
    Removing led.o(i.LED_Configuration), (144 bytes).
    Removing algorithm.o(.rev16_text), (4 bytes).
    Removing algorithm.o(.revsh_text), (4 bytes).
    Removing algorithm.o(.rrx_text), (6 bytes).
    Removing algorithm.o(i.ACC_DEC_servo), (450 bytes).
    Removing algorithm.o(i.Algorithm_1), (432 bytes).
    Removing algorithm.o(i.Point_TO_Point), (964 bytes).
    Removing algorithm.o(i.Whole_Position), (452 bytes).
    Removing oled.o(.rev16_text), (4 bytes).
    Removing oled.o(.revsh_text), (4 bytes).
    Removing oled.o(.rrx_text), (6 bytes).
    Removing oled.o(i.JTAG_Set), (48 bytes).
    Removing oled.o(i.OLED_Display_Off), (28 bytes).
    Removing oled.o(i.OLED_Display_On), (28 bytes).
    Removing oled.o(i.OLED_Fill), (58 bytes).
    Removing show.o(.rev16_text), (4 bytes).
    Removing show.o(.revsh_text), (4 bytes).
    Removing show.o(.rrx_text), (6 bytes).
    Removing delay.o(.rev16_text), (4 bytes).
    Removing delay.o(.revsh_text), (4 bytes).
    Removing delay.o(.rrx_text), (6 bytes).
    Removing delay.o(i.SysDelay_us), (58 bytes).
    Removing nvic.o(.rev16_text), (4 bytes).
    Removing nvic.o(.revsh_text), (4 bytes).
    Removing nvic.o(.rrx_text), (6 bytes).
    Removing misc.o(.rev16_text), (4 bytes).
    Removing misc.o(.revsh_text), (4 bytes).
    Removing misc.o(.rrx_text), (6 bytes).
    Removing misc.o(i.NVIC_SetVectorTable), (20 bytes).
    Removing misc.o(i.NVIC_SystemLPConfig), (32 bytes).
    Removing stm32f10x_can.o(.rev16_text), (4 bytes).
    Removing stm32f10x_can.o(.revsh_text), (4 bytes).
    Removing stm32f10x_can.o(.rrx_text), (6 bytes).
    Removing stm32f10x_can.o(i.CAN_CancelTransmit), (48 bytes).
    Removing stm32f10x_can.o(i.CAN_ClearFlag), (56 bytes).
    Removing stm32f10x_can.o(i.CAN_DBGFreeze), (22 bytes).
    Removing stm32f10x_can.o(i.CAN_FIFORelease), (22 bytes).
    Removing stm32f10x_can.o(i.CAN_GetFlagStatus), (120 bytes).
    Removing stm32f10x_can.o(i.CAN_GetLSBTransmitErrorCounter), (12 bytes).
    Removing stm32f10x_can.o(i.CAN_GetLastErrorCode), (12 bytes).
    Removing stm32f10x_can.o(i.CAN_GetReceiveErrorCounter), (10 bytes).
    Removing stm32f10x_can.o(i.CAN_MessagePending), (30 bytes).
    Removing stm32f10x_can.o(i.CAN_OperatingModeRequest), (162 bytes).
    Removing stm32f10x_can.o(i.CAN_SlaveStartBank), (52 bytes).
    Removing stm32f10x_can.o(i.CAN_Sleep), (30 bytes).
    Removing stm32f10x_can.o(i.CAN_StructInit), (32 bytes).
    Removing stm32f10x_can.o(i.CAN_TTComModeCmd), (118 bytes).
    Removing stm32f10x_can.o(i.CAN_TransmitStatus), (160 bytes).
    Removing stm32f10x_can.o(i.CAN_WakeUp), (48 bytes).
    Removing stm32f10x_dma.o(.rev16_text), (4 bytes).
    Removing stm32f10x_dma.o(.revsh_text), (4 bytes).
    Removing stm32f10x_dma.o(.rrx_text), (6 bytes).
    Removing stm32f10x_dma.o(i.DMA_GetCurrDataCounter), (8 bytes).
    Removing stm32f10x_dma.o(i.DMA_GetITStatus), (44 bytes).
    Removing stm32f10x_dma.o(i.DMA_SetCurrDataCounter), (4 bytes).
    Removing stm32f10x_dma.o(i.DMA_StructInit), (26 bytes).
    Removing stm32f10x_gpio.o(.rev16_text), (4 bytes).
    Removing stm32f10x_gpio.o(.revsh_text), (4 bytes).
    Removing stm32f10x_gpio.o(.rrx_text), (6 bytes).
    Removing stm32f10x_gpio.o(i.GPIO_AFIODeInit), (20 bytes).
    Removing stm32f10x_gpio.o(i.GPIO_DeInit), (200 bytes).
    Removing stm32f10x_gpio.o(i.GPIO_ETH_MediaInterfaceConfig), (12 bytes).
    Removing stm32f10x_gpio.o(i.GPIO_EXTILineConfig), (64 bytes).
    Removing stm32f10x_gpio.o(i.GPIO_EventOutputCmd), (12 bytes).
    Removing stm32f10x_gpio.o(i.GPIO_EventOutputConfig), (32 bytes).
    Removing stm32f10x_gpio.o(i.GPIO_PinLockConfig), (18 bytes).
    Removing stm32f10x_gpio.o(i.GPIO_PinRemapConfig), (144 bytes).
    Removing stm32f10x_gpio.o(i.GPIO_ReadInputData), (8 bytes).
    Removing stm32f10x_gpio.o(i.GPIO_ReadInputDataBit), (18 bytes).
    Removing stm32f10x_gpio.o(i.GPIO_ReadOutputData), (8 bytes).
    Removing stm32f10x_gpio.o(i.GPIO_ReadOutputDataBit), (18 bytes).
    Removing stm32f10x_gpio.o(i.GPIO_StructInit), (16 bytes).
    Removing stm32f10x_gpio.o(i.GPIO_Write), (4 bytes).
    Removing stm32f10x_gpio.o(i.GPIO_WriteBit), (10 bytes).
    Removing stm32f10x_rcc.o(.rev16_text), (4 bytes).
    Removing stm32f10x_rcc.o(.revsh_text), (4 bytes).
    Removing stm32f10x_rcc.o(.rrx_text), (6 bytes).
    Removing stm32f10x_rcc.o(i.RCC_ADCCLKConfig), (24 bytes).
    Removing stm32f10x_rcc.o(i.RCC_AdjustHSICalibrationValue), (24 bytes).
    Removing stm32f10x_rcc.o(i.RCC_BackupResetCmd), (12 bytes).
    Removing stm32f10x_rcc.o(i.RCC_ClearFlag), (20 bytes).
    Removing stm32f10x_rcc.o(i.RCC_ClearITPendingBit), (12 bytes).
    Removing stm32f10x_rcc.o(i.RCC_ClockSecuritySystemCmd), (12 bytes).
    Removing stm32f10x_rcc.o(i.RCC_DeInit), (76 bytes).
    Removing stm32f10x_rcc.o(i.RCC_GetFlagStatus), (60 bytes).
    Removing stm32f10x_rcc.o(i.RCC_GetITStatus), (24 bytes).
    Removing stm32f10x_rcc.o(i.RCC_GetSYSCLKSource), (16 bytes).
    Removing stm32f10x_rcc.o(i.RCC_HCLKConfig), (24 bytes).
    Removing stm32f10x_rcc.o(i.RCC_HSEConfig), (76 bytes).
    Removing stm32f10x_rcc.o(i.RCC_HSICmd), (12 bytes).
    Removing stm32f10x_rcc.o(i.RCC_ITConfig), (32 bytes).
    Removing stm32f10x_rcc.o(i.RCC_LSEConfig), (52 bytes).
    Removing stm32f10x_rcc.o(i.RCC_LSICmd), (12 bytes).
    Removing stm32f10x_rcc.o(i.RCC_MCOConfig), (12 bytes).
    Removing stm32f10x_rcc.o(i.RCC_PCLK1Config), (24 bytes).
    Removing stm32f10x_rcc.o(i.RCC_PCLK2Config), (24 bytes).
    Removing stm32f10x_rcc.o(i.RCC_PLLCmd), (12 bytes).
    Removing stm32f10x_rcc.o(i.RCC_PLLConfig), (28 bytes).
    Removing stm32f10x_rcc.o(i.RCC_RTCCLKCmd), (12 bytes).
    Removing stm32f10x_rcc.o(i.RCC_RTCCLKConfig), (16 bytes).
    Removing stm32f10x_rcc.o(i.RCC_SYSCLKConfig), (24 bytes).
    Removing stm32f10x_rcc.o(i.RCC_USBCLKConfig), (12 bytes).
    Removing stm32f10x_rcc.o(i.RCC_WaitForHSEStartUp), (56 bytes).
    Removing stm32f10x_tim.o(.rev16_text), (4 bytes).
    Removing stm32f10x_tim.o(.revsh_text), (4 bytes).
    Removing stm32f10x_tim.o(.rrx_text), (6 bytes).
    Removing stm32f10x_tim.o(i.TI1_Config), (128 bytes).
    Removing stm32f10x_tim.o(i.TI2_Config), (152 bytes).
    Removing stm32f10x_tim.o(i.TI3_Config), (144 bytes).
    Removing stm32f10x_tim.o(i.TI4_Config), (152 bytes).
    Removing stm32f10x_tim.o(i.TIM_ARRPreloadConfig), (24 bytes).
    Removing stm32f10x_tim.o(i.TIM_BDTRConfig), (32 bytes).
    Removing stm32f10x_tim.o(i.TIM_BDTRStructInit), (18 bytes).
    Removing stm32f10x_tim.o(i.TIM_CCPreloadControl), (24 bytes).
    Removing stm32f10x_tim.o(i.TIM_CCxCmd), (30 bytes).
    Removing stm32f10x_tim.o(i.TIM_CCxNCmd), (30 bytes).
    Removing stm32f10x_tim.o(i.TIM_ClearFlag), (6 bytes).
    Removing stm32f10x_tim.o(i.TIM_ClearOC1Ref), (18 bytes).
    Removing stm32f10x_tim.o(i.TIM_ClearOC2Ref), (24 bytes).
    Removing stm32f10x_tim.o(i.TIM_ClearOC3Ref), (18 bytes).
    Removing stm32f10x_tim.o(i.TIM_ClearOC4Ref), (24 bytes).
    Removing stm32f10x_tim.o(i.TIM_CounterModeConfig), (18 bytes).
    Removing stm32f10x_tim.o(i.TIM_CtrlPWMOutputs), (30 bytes).
    Removing stm32f10x_tim.o(i.TIM_DMACmd), (18 bytes).
    Removing stm32f10x_tim.o(i.TIM_DMAConfig), (10 bytes).
    Removing stm32f10x_tim.o(i.TIM_DeInit), (488 bytes).
    Removing stm32f10x_tim.o(i.TIM_ETRClockMode1Config), (54 bytes).
    Removing stm32f10x_tim.o(i.TIM_ETRClockMode2Config), (32 bytes).
    Removing stm32f10x_tim.o(i.TIM_ETRConfig), (28 bytes).
    Removing stm32f10x_tim.o(i.TIM_EncoderInterfaceConfig), (66 bytes).
    Removing stm32f10x_tim.o(i.TIM_ForcedOC1Config), (18 bytes).
    Removing stm32f10x_tim.o(i.TIM_ForcedOC2Config), (26 bytes).
    Removing stm32f10x_tim.o(i.TIM_ForcedOC3Config), (18 bytes).
    Removing stm32f10x_tim.o(i.TIM_ForcedOC4Config), (26 bytes).
    Removing stm32f10x_tim.o(i.TIM_GenerateEvent), (4 bytes).
    Removing stm32f10x_tim.o(i.TIM_GetCapture1), (6 bytes).
    Removing stm32f10x_tim.o(i.TIM_GetCapture2), (6 bytes).
    Removing stm32f10x_tim.o(i.TIM_GetCapture3), (6 bytes).
    Removing stm32f10x_tim.o(i.TIM_GetCapture4), (8 bytes).
    Removing stm32f10x_tim.o(i.TIM_GetCounter), (6 bytes).
    Removing stm32f10x_tim.o(i.TIM_GetFlagStatus), (18 bytes).
    Removing stm32f10x_tim.o(i.TIM_GetITStatus), (34 bytes).
    Removing stm32f10x_tim.o(i.TIM_GetPrescaler), (6 bytes).
    Removing stm32f10x_tim.o(i.TIM_ICInit), (172 bytes).
    Removing stm32f10x_tim.o(i.TIM_ICStructInit), (18 bytes).
    Removing stm32f10x_tim.o(i.TIM_ITRxExternalClockConfig), (24 bytes).
    Removing stm32f10x_tim.o(i.TIM_InternalClockConfig), (12 bytes).
    Removing stm32f10x_tim.o(i.TIM_OC1FastConfig), (18 bytes).
    Removing stm32f10x_tim.o(i.TIM_OC1Init), (152 bytes).
    Removing stm32f10x_tim.o(i.TIM_OC1NPolarityConfig), (18 bytes).
    Removing stm32f10x_tim.o(i.TIM_OC1PolarityConfig), (18 bytes).
    Removing stm32f10x_tim.o(i.TIM_OC1PreloadConfig), (18 bytes).
    Removing stm32f10x_tim.o(i.TIM_OC2FastConfig), (26 bytes).
    Removing stm32f10x_tim.o(i.TIM_OC2Init), (164 bytes).
    Removing stm32f10x_tim.o(i.TIM_OC2NPolarityConfig), (26 bytes).
    Removing stm32f10x_tim.o(i.TIM_OC2PolarityConfig), (26 bytes).
    Removing stm32f10x_tim.o(i.TIM_OC2PreloadConfig), (26 bytes).
    Removing stm32f10x_tim.o(i.TIM_OC3FastConfig), (18 bytes).
    Removing stm32f10x_tim.o(i.TIM_OC3Init), (160 bytes).
    Removing stm32f10x_tim.o(i.TIM_OC3NPolarityConfig), (26 bytes).
    Removing stm32f10x_tim.o(i.TIM_OC3PolarityConfig), (26 bytes).
    Removing stm32f10x_tim.o(i.TIM_OC3PreloadConfig), (18 bytes).
    Removing stm32f10x_tim.o(i.TIM_OC4FastConfig), (26 bytes).
    Removing stm32f10x_tim.o(i.TIM_OC4Init), (124 bytes).
    Removing stm32f10x_tim.o(i.TIM_OC4PolarityConfig), (26 bytes).
    Removing stm32f10x_tim.o(i.TIM_OC4PreloadConfig), (26 bytes).
    Removing stm32f10x_tim.o(i.TIM_OCStructInit), (20 bytes).
    Removing stm32f10x_tim.o(i.TIM_PWMIConfig), (124 bytes).
    Removing stm32f10x_tim.o(i.TIM_PrescalerConfig), (6 bytes).
    Removing stm32f10x_tim.o(i.TIM_SelectCCDMA), (24 bytes).
    Removing stm32f10x_tim.o(i.TIM_SelectCOM), (24 bytes).
    Removing stm32f10x_tim.o(i.TIM_SelectHallSensor), (24 bytes).
    Removing stm32f10x_tim.o(i.TIM_SelectInputTrigger), (18 bytes).
    Removing stm32f10x_tim.o(i.TIM_SelectMasterSlaveMode), (18 bytes).
    Removing stm32f10x_tim.o(i.TIM_SelectOCxM), (82 bytes).
    Removing stm32f10x_tim.o(i.TIM_SelectOnePulseMode), (18 bytes).
    Removing stm32f10x_tim.o(i.TIM_SelectOutputTrigger), (18 bytes).
    Removing stm32f10x_tim.o(i.TIM_SelectSlaveMode), (18 bytes).
    Removing stm32f10x_tim.o(i.TIM_SetAutoreload), (4 bytes).
    Removing stm32f10x_tim.o(i.TIM_SetClockDivision), (18 bytes).
    Removing stm32f10x_tim.o(i.TIM_SetCompare1), (4 bytes).
    Removing stm32f10x_tim.o(i.TIM_SetCompare2), (4 bytes).
    Removing stm32f10x_tim.o(i.TIM_SetCompare3), (4 bytes).
    Removing stm32f10x_tim.o(i.TIM_SetCompare4), (6 bytes).
    Removing stm32f10x_tim.o(i.TIM_SetCounter), (4 bytes).
    Removing stm32f10x_tim.o(i.TIM_SetIC1Prescaler), (18 bytes).
    Removing stm32f10x_tim.o(i.TIM_SetIC2Prescaler), (26 bytes).
    Removing stm32f10x_tim.o(i.TIM_SetIC3Prescaler), (18 bytes).
    Removing stm32f10x_tim.o(i.TIM_SetIC4Prescaler), (26 bytes).
    Removing stm32f10x_tim.o(i.TIM_TIxExternalClockConfig), (62 bytes).
    Removing stm32f10x_tim.o(i.TIM_TimeBaseStructInit), (18 bytes).
    Removing stm32f10x_tim.o(i.TIM_UpdateDisableConfig), (24 bytes).
    Removing stm32f10x_usart.o(.rev16_text), (4 bytes).
    Removing stm32f10x_usart.o(.revsh_text), (4 bytes).
    Removing stm32f10x_usart.o(.rrx_text), (6 bytes).
    Removing stm32f10x_usart.o(i.USART_ClearFlag), (18 bytes).
    Removing stm32f10x_usart.o(i.USART_ClockInit), (34 bytes).
    Removing stm32f10x_usart.o(i.USART_ClockStructInit), (12 bytes).
    Removing stm32f10x_usart.o(i.USART_GetFlagStatus), (26 bytes).
    Removing stm32f10x_usart.o(i.USART_HalfDuplexCmd), (24 bytes).
    Removing stm32f10x_usart.o(i.USART_IrDACmd), (24 bytes).
    Removing stm32f10x_usart.o(i.USART_IrDAConfig), (18 bytes).
    Removing stm32f10x_usart.o(i.USART_LINBreakDetectLengthConfig), (18 bytes).
    Removing stm32f10x_usart.o(i.USART_LINCmd), (24 bytes).
    Removing stm32f10x_usart.o(i.USART_OneBitMethodCmd), (24 bytes).
    Removing stm32f10x_usart.o(i.USART_OverSampling8Cmd), (22 bytes).
    Removing stm32f10x_usart.o(i.USART_ReceiverWakeUpCmd), (24 bytes).
    Removing stm32f10x_usart.o(i.USART_SendBreak), (10 bytes).
    Removing stm32f10x_usart.o(i.USART_SendData), (8 bytes).
    Removing stm32f10x_usart.o(i.USART_SetAddress), (18 bytes).
    Removing stm32f10x_usart.o(i.USART_SetGuardTime), (16 bytes).
    Removing stm32f10x_usart.o(i.USART_SetPrescaler), (16 bytes).
    Removing stm32f10x_usart.o(i.USART_SmartCardCmd), (24 bytes).
    Removing stm32f10x_usart.o(i.USART_SmartCardNACKCmd), (24 bytes).
    Removing stm32f10x_usart.o(i.USART_StructInit), (24 bytes).
    Removing stm32f10x_usart.o(i.USART_WakeUpConfig), (18 bytes).
    Removing startup_stm32f10x_hd.o(HEAP), (512 bytes).
    Removing system_stm32f10x.o(.rev16_text), (4 bytes).
    Removing system_stm32f10x.o(.revsh_text), (4 bytes).
    Removing system_stm32f10x.o(.rrx_text), (6 bytes).
    Removing system_stm32f10x.o(i.SystemCoreClockUpdate), (164 bytes).
    Removing system_stm32f10x.o(.data), (20 bytes).
    Removing fdiv.o(.text), (124 bytes).
    Removing fflti.o(.text), (18 bytes).
    Removing ffltui.o(.text), (10 bytes).
    Removing dsqrt.o(.text), (162 bytes).

270 unused section(s) (total 14262 bytes) removed from the image.

==============================================================================

Image Symbol Table

    Local Symbols

    Symbol Name                              Value     Ov Type        Size  Object(Section)

    ../clib/microlib/errno.c                 0x00000000   Number         0  errno.o ABSOLUTE
    ../clib/microlib/init/entry.s            0x00000000   Number         0  entry2.o ABSOLUTE
    ../clib/microlib/init/entry.s            0x00000000   Number         0  entry11b.o ABSOLUTE
    ../clib/microlib/init/entry.s            0x00000000   Number         0  entry10b.o ABSOLUTE
    ../clib/microlib/init/entry.s            0x00000000   Number         0  entry11a.o ABSOLUTE
    ../clib/microlib/init/entry.s            0x00000000   Number         0  entry.o ABSOLUTE
    ../clib/microlib/init/entry.s            0x00000000   Number         0  entry8b.o ABSOLUTE
    ../clib/microlib/init/entry.s            0x00000000   Number         0  entry10a.o ABSOLUTE
    ../clib/microlib/init/entry.s            0x00000000   Number         0  entry5.o ABSOLUTE
    ../clib/microlib/init/entry.s            0x00000000   Number         0  entry7a.o ABSOLUTE
    ../clib/microlib/init/entry.s            0x00000000   Number         0  entry7b.o ABSOLUTE
    ../clib/microlib/init/entry.s            0x00000000   Number         0  entry8a.o ABSOLUTE
    ../clib/microlib/init/entry.s            0x00000000   Number         0  entry9a.o ABSOLUTE
    ../clib/microlib/init/entry.s            0x00000000   Number         0  entry9b.o ABSOLUTE
    ../clib/microlib/longlong.c              0x00000000   Number         0  llshl.o ABSOLUTE
    ../clib/microlib/longlong.c              0x00000000   Number         0  llushr.o ABSOLUTE
    ../clib/microlib/longlong.c              0x00000000   Number         0  llsshr.o ABSOLUTE
    ../clib/microlib/stubs.s                 0x00000000   Number         0  iusefp.o ABSOLUTE
    ../fplib/microlib/d2f.c                  0x00000000   Number         0  d2f.o ABSOLUTE
    ../fplib/microlib/f2d.c                  0x00000000   Number         0  f2d.o ABSOLUTE
    ../fplib/microlib/fpadd.c                0x00000000   Number         0  fadd.o ABSOLUTE
    ../fplib/microlib/fpadd.c                0x00000000   Number         0  dadd.o ABSOLUTE
    ../fplib/microlib/fpdiv.c                0x00000000   Number         0  ddiv.o ABSOLUTE
    ../fplib/microlib/fpdiv.c                0x00000000   Number         0  fdiv.o ABSOLUTE
    ../fplib/microlib/fpepilogue.c           0x00000000   Number         0  fepilogue.o ABSOLUTE
    ../fplib/microlib/fpepilogue.c           0x00000000   Number         0  depilogue.o ABSOLUTE
    ../fplib/microlib/fpfix.c                0x00000000   Number         0  ffixi.o ABSOLUTE
    ../fplib/microlib/fpfix.c                0x00000000   Number         0  dfixi.o ABSOLUTE
    ../fplib/microlib/fpfix.c                0x00000000   Number         0  ffixui.o ABSOLUTE
    ../fplib/microlib/fpflt.c                0x00000000   Number         0  dfltui.o ABSOLUTE
    ../fplib/microlib/fpflt.c                0x00000000   Number         0  dflti.o ABSOLUTE
    ../fplib/microlib/fpflt.c                0x00000000   Number         0  ffltui.o ABSOLUTE
    ../fplib/microlib/fpflt.c                0x00000000   Number         0  fflti.o ABSOLUTE
    ../fplib/microlib/fpmul.c                0x00000000   Number         0  dmul.o ABSOLUTE
    ../fplib/microlib/fpmul.c                0x00000000   Number         0  fmul.o ABSOLUTE
    ../fplib/microlib/fpscalb.c              0x00000000   Number         0  dscalb.o ABSOLUTE
    ../fplib/microlib/fpsqrt.c               0x00000000   Number         0  dsqrt.o ABSOLUTE
    ../mathlib/cos.c                         0x00000000   Number         0  cos.o ABSOLUTE
    ../mathlib/cos.c                         0x00000000   Number         0  cos_x.o ABSOLUTE
    ../mathlib/cos_i.c                       0x00000000   Number         0  cos_i.o ABSOLUTE
    ../mathlib/dunder.c                      0x00000000   Number         0  dunder.o ABSOLUTE
    ../mathlib/fpclassify.c                  0x00000000   Number         0  fpclassify.o ABSOLUTE
    ../mathlib/poly.c                        0x00000000   Number         0  poly.o ABSOLUTE
    ../mathlib/pow.c                         0x00000000   Number         0  pow.o ABSOLUTE
    ../mathlib/pow.c                         0x00000000   Number         0  pow_x.o ABSOLUTE
    ../mathlib/qnan.c                        0x00000000   Number         0  qnan.o ABSOLUTE
    ../mathlib/rred.c                        0x00000000   Number         0  rred.o ABSOLUTE
    ../mathlib/sin.c                         0x00000000   Number         0  sin_x.o ABSOLUTE
    ../mathlib/sin.c                         0x00000000   Number         0  sin.o ABSOLUTE
    ../mathlib/sin_i.c                       0x00000000   Number         0  sin_i.o ABSOLUTE
    ../mathlib/sin_i.c                       0x00000000   Number         0  sin_i_x.o ABSOLUTE
    ../mathlib/sqrt.c                        0x00000000   Number         0  sqrt.o ABSOLUTE
    ../mathlib/sqrt.c                        0x00000000   Number         0  sqrt_x.o ABSOLUTE
    C:\Keil_v5\ARM\PACK\Keil\STM32F1xx_DFP\2.1.0\Device\StdPeriph_Driver\src\misc.c 0x00000000   Number         0  misc.o ABSOLUTE
    C:\Keil_v5\ARM\PACK\Keil\STM32F1xx_DFP\2.1.0\Device\StdPeriph_Driver\src\stm32f10x_can.c 0x00000000   Number         0  stm32f10x_can.o ABSOLUTE
    C:\Keil_v5\ARM\PACK\Keil\STM32F1xx_DFP\2.1.0\Device\StdPeriph_Driver\src\stm32f10x_dma.c 0x00000000   Number         0  stm32f10x_dma.o ABSOLUTE
    C:\Keil_v5\ARM\PACK\Keil\STM32F1xx_DFP\2.1.0\Device\StdPeriph_Driver\src\stm32f10x_gpio.c 0x00000000   Number         0  stm32f10x_gpio.o ABSOLUTE
    C:\Keil_v5\ARM\PACK\Keil\STM32F1xx_DFP\2.1.0\Device\StdPeriph_Driver\src\stm32f10x_rcc.c 0x00000000   Number         0  stm32f10x_rcc.o ABSOLUTE
    C:\Keil_v5\ARM\PACK\Keil\STM32F1xx_DFP\2.1.0\Device\StdPeriph_Driver\src\stm32f10x_tim.c 0x00000000   Number         0  stm32f10x_tim.o ABSOLUTE
    C:\Keil_v5\ARM\PACK\Keil\STM32F1xx_DFP\2.1.0\Device\StdPeriph_Driver\src\stm32f10x_usart.c 0x00000000   Number         0  stm32f10x_usart.o ABSOLUTE
    C:\\Keil_v5\\ARM\\PACK\\Keil\\STM32F1xx_DFP\\2.1.0\\Device\\StdPeriph_Driver\\src\\misc.c 0x00000000   Number         0  misc.o ABSOLUTE
    C:\\Keil_v5\\ARM\\PACK\\Keil\\STM32F1xx_DFP\\2.1.0\\Device\\StdPeriph_Driver\\src\\stm32f10x_can.c 0x00000000   Number         0  stm32f10x_can.o ABSOLUTE
    C:\\Keil_v5\\ARM\\PACK\\Keil\\STM32F1xx_DFP\\2.1.0\\Device\\StdPeriph_Driver\\src\\stm32f10x_dma.c 0x00000000   Number         0  stm32f10x_dma.o ABSOLUTE
    C:\\Keil_v5\\ARM\\PACK\\Keil\\STM32F1xx_DFP\\2.1.0\\Device\\StdPeriph_Driver\\src\\stm32f10x_gpio.c 0x00000000   Number         0  stm32f10x_gpio.o ABSOLUTE
    C:\\Keil_v5\\ARM\\PACK\\Keil\\STM32F1xx_DFP\\2.1.0\\Device\\StdPeriph_Driver\\src\\stm32f10x_rcc.c 0x00000000   Number         0  stm32f10x_rcc.o ABSOLUTE
    C:\\Keil_v5\\ARM\\PACK\\Keil\\STM32F1xx_DFP\\2.1.0\\Device\\StdPeriph_Driver\\src\\stm32f10x_tim.c 0x00000000   Number         0  stm32f10x_tim.o ABSOLUTE
    C:\\Keil_v5\\ARM\\PACK\\Keil\\STM32F1xx_DFP\\2.1.0\\Device\\StdPeriph_Driver\\src\\stm32f10x_usart.c 0x00000000   Number         0  stm32f10x_usart.o ABSOLUTE
    RTE\Device\STM32F103RC\startup_stm32f10x_hd.s 0x00000000   Number         0  startup_stm32f10x_hd.o ABSOLUTE
    RTE\Device\STM32F103RC\system_stm32f10x.c 0x00000000   Number         0  system_stm32f10x.o ABSOLUTE
    RTE\\Device\\STM32F103RC\\system_stm32f10x.c 0x00000000   Number         0  system_stm32f10x.o ABSOLUTE
    System\NVIC.c                            0x00000000   Number         0  nvic.o ABSOLUTE
    System\\NVIC.c                           0x00000000   Number         0  nvic.o ABSOLUTE
    System\\delay.c                          0x00000000   Number         0  delay.o ABSOLUTE
    System\delay.c                           0x00000000   Number         0  delay.o ABSOLUTE
    WorkArea\Algorithm.c                     0x00000000   Number         0  algorithm.o ABSOLUTE
    WorkArea\CAN.c                           0x00000000   Number         0  can.o ABSOLUTE
    WorkArea\KEY.c                           0x00000000   Number         0  key.o ABSOLUTE
    WorkArea\LED.c                           0x00000000   Number         0  led.o ABSOLUTE
    WorkArea\Time.c                          0x00000000   Number         0  time.o ABSOLUTE
    WorkArea\USART.c                         0x00000000   Number         0  usart.o ABSOLUTE
    WorkArea\\Algorithm.c                    0x00000000   Number         0  algorithm.o ABSOLUTE
    WorkArea\\CAN.c                          0x00000000   Number         0  can.o ABSOLUTE
    WorkArea\\KEY.c                          0x00000000   Number         0  key.o ABSOLUTE
    WorkArea\\LED.c                          0x00000000   Number         0  led.o ABSOLUTE
    WorkArea\\Time.c                         0x00000000   Number         0  time.o ABSOLUTE
    WorkArea\\USART.c                        0x00000000   Number         0  usart.o ABSOLUTE
    WorkArea\\main.c                         0x00000000   Number         0  main.o ABSOLUTE
    WorkArea\\oled.c                         0x00000000   Number         0  oled.o ABSOLUTE
    WorkArea\\show.c                         0x00000000   Number         0  show.o ABSOLUTE
    WorkArea\\stmflash.c                     0x00000000   Number         0  stmflash.o ABSOLUTE
    WorkArea\main.c                          0x00000000   Number         0  main.o ABSOLUTE
    WorkArea\oled.c                          0x00000000   Number         0  oled.o ABSOLUTE
    WorkArea\show.c                          0x00000000   Number         0  show.o ABSOLUTE
    WorkArea\stmflash.c                      0x00000000   Number         0  stmflash.o ABSOLUTE
    cdcmple.s                                0x00000000   Number         0  cdcmple.o ABSOLUTE
    cdrcmple.s                               0x00000000   Number         0  cdrcmple.o ABSOLUTE
    cfcmple.s                                0x00000000   Number         0  cfcmple.o ABSOLUTE
    cfrcmple.s                               0x00000000   Number         0  cfrcmple.o ABSOLUTE
    dc.s                                     0x00000000   Number         0  dc.o ABSOLUTE
    handlers.s                               0x00000000   Number         0  handlers.o ABSOLUTE
    init.s                                   0x00000000   Number         0  init.o ABSOLUTE
    RESET                                    0x08000000   Section      304  startup_stm32f10x_hd.o(RESET)
    .ARM.Collect$$$$00000000                 0x08000130   Section        0  entry.o(.ARM.Collect$$$$00000000)
    .ARM.Collect$$$$00000001                 0x08000130   Section        4  entry2.o(.ARM.Collect$$$$00000001)
    .ARM.Collect$$$$00000004                 0x08000134   Section        4  entry5.o(.ARM.Collect$$$$00000004)
    .ARM.Collect$$$$00000008                 0x08000138   Section        0  entry7b.o(.ARM.Collect$$$$00000008)
    .ARM.Collect$$$$0000000A                 0x08000138   Section        0  entry8b.o(.ARM.Collect$$$$0000000A)
    .ARM.Collect$$$$0000000B                 0x08000138   Section        8  entry9a.o(.ARM.Collect$$$$0000000B)
    .ARM.Collect$$$$0000000D                 0x08000140   Section        0  entry10a.o(.ARM.Collect$$$$0000000D)
    .ARM.Collect$$$$0000000F                 0x08000140   Section        0  entry11a.o(.ARM.Collect$$$$0000000F)
    .ARM.Collect$$$$00002712                 0x08000140   Section        4  entry2.o(.ARM.Collect$$$$00002712)
    __lit__00000000                          0x08000140   Data           4  entry2.o(.ARM.Collect$$$$00002712)
    .text                                    0x08000144   Section       36  startup_stm32f10x_hd.o(.text)
    .text                                    0x08000168   Section        0  fadd.o(.text)
    .text                                    0x08000218   Section        0  fmul.o(.text)
    .text                                    0x0800027c   Section        0  dadd.o(.text)
    .text                                    0x080003ca   Section        0  dmul.o(.text)
    .text                                    0x080004ae   Section        0  ddiv.o(.text)
    .text                                    0x0800058c   Section        0  dflti.o(.text)
    .text                                    0x080005ae   Section        0  dfltui.o(.text)
    .text                                    0x080005c8   Section        0  ffixi.o(.text)
    .text                                    0x080005fa   Section        0  ffixui.o(.text)
    .text                                    0x08000622   Section        0  dfixi.o(.text)
    .text                                    0x08000660   Section        0  f2d.o(.text)
    .text                                    0x08000688   Section       48  cdcmple.o(.text)
    .text                                    0x080006b8   Section       48  cdrcmple.o(.text)
    .text                                    0x080006e8   Section        0  d2f.o(.text)
    .text                                    0x08000720   Section       20  cfcmple.o(.text)
    .text                                    0x08000734   Section       20  cfrcmple.o(.text)
    .text                                    0x08000748   Section        0  llshl.o(.text)
    .text                                    0x08000766   Section        0  llushr.o(.text)
    .text                                    0x08000786   Section        0  llsshr.o(.text)
    .text                                    0x080007aa   Section        0  fepilogue.o(.text)
    .text                                    0x080007aa   Section        0  iusefp.o(.text)
    .text                                    0x08000818   Section        0  depilogue.o(.text)
    .text                                    0x080008d2   Section        0  dscalb.o(.text)
    .text                                    0x08000900   Section       36  init.o(.text)
    i.CAN1_Configuration                     0x08000924   Section        0  can.o(i.CAN1_Configuration)
    i.CAN_ClearITPendingBit                  0x08000a08   Section        0  stm32f10x_can.o(i.CAN_ClearITPendingBit)
    i.CAN_DeInit                             0x08000ab0   Section        0  stm32f10x_can.o(i.CAN_DeInit)
    i.CAN_FilterInit                         0x08000ae8   Section        0  stm32f10x_can.o(i.CAN_FilterInit)
    i.CAN_GetITStatus                        0x08000bf0   Section        0  stm32f10x_can.o(i.CAN_GetITStatus)
    i.CAN_ITConfig                           0x08000d10   Section        0  stm32f10x_can.o(i.CAN_ITConfig)
    i.CAN_Init                               0x08000d22   Section        0  stm32f10x_can.o(i.CAN_Init)
    i.CAN_Receive                            0x08000e36   Section        0  stm32f10x_can.o(i.CAN_Receive)
    i.CAN_RoboModule_DRV_Config              0x08000f28   Section        0  can.o(i.CAN_RoboModule_DRV_Config)
    i.CAN_RoboModule_DRV_Mode_Choice         0x08000fa8   Section        0  can.o(i.CAN_RoboModule_DRV_Mode_Choice)
    i.CAN_RoboModule_DRV_Reset               0x08001018   Section        0  can.o(i.CAN_RoboModule_DRV_Reset)
    i.CAN_RoboModule_DRV_Velocity_Mode       0x08001088   Section        0  can.o(i.CAN_RoboModule_DRV_Velocity_Mode)
    i.CAN_Transmit                           0x0800112c   Section        0  stm32f10x_can.o(i.CAN_Transmit)
    i.Chassis_Algorithm_Model                0x08001254   Section        0  algorithm.o(i.Chassis_Algorithm_Model)
    i.Chassis_MOTOR_Init                     0x080013a0   Section        0  algorithm.o(i.Chassis_MOTOR_Init)
    i.CheckITStatus                          0x080013ec   Section        0  stm32f10x_can.o(i.CheckITStatus)
    CheckITStatus                            0x080013ed   Thumb Code    18  stm32f10x_can.o(i.CheckITStatus)
    i.DMA1_Channel5_IRQHandler               0x08001400   Section        0  usart.o(i.DMA1_Channel5_IRQHandler)
    i.DMA_ClearFlag                          0x08001548   Section        0  stm32f10x_dma.o(i.DMA_ClearFlag)
    i.DMA_ClearITPendingBit                  0x08001564   Section        0  stm32f10x_dma.o(i.DMA_ClearITPendingBit)
    i.DMA_Cmd                                0x08001580   Section        0  stm32f10x_dma.o(i.DMA_Cmd)
    i.DMA_DeInit                             0x08001598   Section        0  stm32f10x_dma.o(i.DMA_DeInit)
    i.DMA_GetFlagStatus                      0x080016e4   Section        0  stm32f10x_dma.o(i.DMA_GetFlagStatus)
    i.DMA_ITConfig                           0x08001710   Section        0  stm32f10x_dma.o(i.DMA_ITConfig)
    i.DMA_Init                               0x08001722   Section        0  stm32f10x_dma.o(i.DMA_Init)
    i.GPIO_Init                              0x0800175e   Section        0  stm32f10x_gpio.o(i.GPIO_Init)
    i.GPIO_ResetBits                         0x08001874   Section        0  stm32f10x_gpio.o(i.GPIO_ResetBits)
    i.GPIO_SetBits                           0x08001878   Section        0  stm32f10x_gpio.o(i.GPIO_SetBits)
    i.NVIC_Configuration                     0x0800187c   Section        0  nvic.o(i.NVIC_Configuration)
    i.NVIC_Init                              0x080018dc   Section        0  misc.o(i.NVIC_Init)
    i.NVIC_PriorityGroupConfig               0x0800194c   Section        0  misc.o(i.NVIC_PriorityGroupConfig)
    i.OLED_Clear                             0x08001960   Section        0  oled.o(i.OLED_Clear)
    i.OLED_DrawPoint                         0x08001990   Section        0  oled.o(i.OLED_DrawPoint)
    i.OLED_Init                              0x080019f8   Section        0  oled.o(i.OLED_Init)
    i.OLED_Refresh_Gram                      0x08001b14   Section        0  oled.o(i.OLED_Refresh_Gram)
    i.OLED_ShowChar                          0x08001b60   Section        0  oled.o(i.OLED_ShowChar)
    i.OLED_ShowNumber                        0x08001c08   Section        0  oled.o(i.OLED_ShowNumber)
    i.OLED_ShowString                        0x08001c9c   Section        0  oled.o(i.OLED_ShowString)
    i.OLED_WR_Byte                           0x08001ce0   Section        0  oled.o(i.OLED_WR_Byte)
    i.PID_AbsoluteMode                       0x08001d4c   Section        0  algorithm.o(i.PID_AbsoluteMode)
    i.RCC_AHBPeriphClockCmd                  0x08001e1c   Section        0  stm32f10x_rcc.o(i.RCC_AHBPeriphClockCmd)
    i.RCC_APB1PeriphClockCmd                 0x08001e3c   Section        0  stm32f10x_rcc.o(i.RCC_APB1PeriphClockCmd)
    i.RCC_APB1PeriphResetCmd                 0x08001e5c   Section        0  stm32f10x_rcc.o(i.RCC_APB1PeriphResetCmd)
    i.RCC_APB2PeriphClockCmd                 0x08001e7c   Section        0  stm32f10x_rcc.o(i.RCC_APB2PeriphClockCmd)
    i.RCC_APB2PeriphResetCmd                 0x08001e9c   Section        0  stm32f10x_rcc.o(i.RCC_APB2PeriphResetCmd)
    i.RCC_GetClocksFreq                      0x08001ebc   Section        0  stm32f10x_rcc.o(i.RCC_GetClocksFreq)
    i.Remote_Analysis                        0x08001f90   Section        0  algorithm.o(i.Remote_Analysis)
    i.SetSysClock                            0x080020b8   Section        0  system_stm32f10x.o(i.SetSysClock)
    SetSysClock                              0x080020b9   Thumb Code     8  system_stm32f10x.o(i.SetSysClock)
    i.SetSysClockTo72                        0x080020c0   Section        0  system_stm32f10x.o(i.SetSysClockTo72)
    SetSysClockTo72                          0x080020c1   Thumb Code   214  system_stm32f10x.o(i.SetSysClockTo72)
    i.SysDelay_ms                            0x080021a0   Section        0  delay.o(i.SysDelay_ms)
    i.SysTick_CLKSourceConfig                0x080021e0   Section        0  misc.o(i.SysTick_CLKSourceConfig)
    i.SystemInit                             0x08002208   Section        0  system_stm32f10x.o(i.SystemInit)
    i.Systick_Configuration                  0x08002268   Section        0  delay.o(i.Systick_Configuration)
    i.TIM7_Configuration                     0x08002274   Section        0  time.o(i.TIM7_Configuration)
    i.TIM7_IRQHandler                        0x080022c4   Section        0  time.o(i.TIM7_IRQHandler)
    i.TIM_ClearITPendingBit                  0x080022d8   Section        0  stm32f10x_tim.o(i.TIM_ClearITPendingBit)
    i.TIM_Cmd                                0x080022de   Section        0  stm32f10x_tim.o(i.TIM_Cmd)
    i.TIM_ITConfig                           0x080022f6   Section        0  stm32f10x_tim.o(i.TIM_ITConfig)
    i.TIM_TimeBaseInit                       0x08002308   Section        0  stm32f10x_tim.o(i.TIM_TimeBaseInit)
    i.TIM_UpdateRequestConfig                0x080023ac   Section        0  stm32f10x_tim.o(i.TIM_UpdateRequestConfig)
    i.UART1_Configuration                    0x080023c4   Section        0  usart.o(i.UART1_Configuration)
    i.UART2_Configuration                    0x08002508   Section        0  usart.o(i.UART2_Configuration)
    i.USART1_DataSend                        0x0800259c   Section        0  usart.o(i.USART1_DataSend)
    i.USART2_IRQHandler                      0x08002648   Section        0  usart.o(i.USART2_IRQHandler)
    i.USART_ClearITPendingBit                0x08002798   Section        0  stm32f10x_usart.o(i.USART_ClearITPendingBit)
    i.USART_Cmd                              0x080027b6   Section        0  stm32f10x_usart.o(i.USART_Cmd)
    i.USART_DMACmd                           0x080027ce   Section        0  stm32f10x_usart.o(i.USART_DMACmd)
    i.USART_DeInit                           0x080027e0   Section        0  stm32f10x_usart.o(i.USART_DeInit)
    i.USART_GetITStatus                      0x0800287c   Section        0  stm32f10x_usart.o(i.USART_GetITStatus)
    i.USART_ITConfig                         0x080028d0   Section        0  stm32f10x_usart.o(i.USART_ITConfig)
    i.USART_Init                             0x0800291c   Section        0  stm32f10x_usart.o(i.USART_Init)
    i.USART_ReceiveData                      0x080029f4   Section        0  stm32f10x_usart.o(i.USART_ReceiveData)
    i.USB_HP_CAN1_TX_IRQHandler              0x08002a00   Section        0  can.o(i.USB_HP_CAN1_TX_IRQHandler)
    i.USB_LP_CAN1_RX0_IRQHandler             0x08002a24   Section        0  can.o(i.USB_LP_CAN1_RX0_IRQHandler)
    i.__ARM_fpclassify                       0x08002a4c   Section        0  fpclassify.o(i.__ARM_fpclassify)
    i.__ieee754_rem_pio2                     0x08002a74   Section        0  rred.o(i.__ieee754_rem_pio2)
    i.__kernel_cos                           0x08002dfc   Section        0  cos_i.o(i.__kernel_cos)
    i.__kernel_poly                          0x08002ef8   Section        0  poly.o(i.__kernel_poly)
    i.__kernel_sin                           0x08002fa4   Section        0  sin_i.o(i.__kernel_sin)
    i.__mathlib_dbl_infnan                   0x08003090   Section        0  dunder.o(i.__mathlib_dbl_infnan)
    i.__mathlib_dbl_invalid                  0x08003096   Section        0  dunder.o(i.__mathlib_dbl_invalid)
    i.__mathlib_dbl_underflow                0x080030a4   Section        0  dunder.o(i.__mathlib_dbl_underflow)
    i.__scatterload_copy                     0x080030b4   Section       14  handlers.o(i.__scatterload_copy)
    i.__scatterload_null                     0x080030c2   Section        2  handlers.o(i.__scatterload_null)
    i.__scatterload_zeroinit                 0x080030c4   Section       14  handlers.o(i.__scatterload_zeroinit)
    i.__set_errno                            0x080030d4   Section        0  errno.o(i.__set_errno)
    i.cos                                    0x080030e0   Section        0  cos.o(i.cos)
    i.main                                   0x0800317c   Section        0  main.o(i.main)
    i.oled_pow                               0x080031a8   Section        0  oled.o(i.oled_pow)
    i.oled_show                              0x080031c0   Section        0  show.o(i.oled_show)
    i.sin                                    0x08003430   Section        0  sin.o(i.sin)
    .constdata                               0x080034d0   Section     2660  oled.o(.constdata)
    .constdata                               0x08003f38   Section       48  cos_i.o(.constdata)
    C                                        0x08003f38   Data          48  cos_i.o(.constdata)
    .constdata                               0x08003f68   Section      200  rred.o(.constdata)
    pio2s                                    0x08003f68   Data          48  rred.o(.constdata)
    twooverpi                                0x08003f98   Data         152  rred.o(.constdata)
    .constdata                               0x08004030   Section       40  sin_i.o(.constdata)
    S                                        0x08004030   Data          40  sin_i.o(.constdata)
    .data                                    0x20000000   Section       30  can.o(.data)
    .data                                    0x20000020   Section       51  usart.o(.data)
    ch                                       0x20000050   Data           1  usart.o(.data)
    count                                    0x20000051   Data           1  usart.o(.data)
    i                                        0x20000052   Data           1  usart.o(.data)
    .data                                    0x20000054   Section       34  algorithm.o(.data)
    Pre_spin                                 0x20000070   Data           2  algorithm.o(.data)
    PStatu                                   0x20000072   Data           2  algorithm.o(.data)
    Pre_speed                                0x20000074   Data           2  algorithm.o(.data)
    .data                                    0x20000076   Section       20  stm32f10x_rcc.o(.data)
    APBAHBPrescTable                         0x20000076   Data          16  stm32f10x_rcc.o(.data)
    ADCPrescTable                            0x20000086   Data           4  stm32f10x_rcc.o(.data)
    .data                                    0x2000008c   Section        4  errno.o(.data)
    _errno                                   0x2000008c   Data           4  errno.o(.data)
    .bss                                     0x20000090   Section      292  usart.o(.bss)
    .bss                                     0x200001b4   Section      180  algorithm.o(.bss)
    .bss                                     0x20000268   Section     1024  oled.o(.bss)
    STACK                                    0x20000668   Section     1024  startup_stm32f10x_hd.o(STACK)

    Global Symbols

    Symbol Name                              Value     Ov Type        Size  Object(Section)

    BuildAttributes$$THM_ISAv4$P$D$K$B$S$PE$A:L22UL41UL21$X:L11$S22US41US21$IEEE1$IW$USESV6$~STKCKD$USESV7$~SHL$OTIME$ROPI$IEEEX$EBA8$MICROLIB$REQ8$PRES8$EABIv2 0x00000000   Number         0  anon$$obj.o ABSOLUTE
    __ARM_use_no_argv                        0x00000000   Number         0  main.o ABSOLUTE
    __cpp_initialize__aeabi_                  - Undefined Weak Reference
    __cxa_finalize                            - Undefined Weak Reference
    __decompress                              - Undefined Weak Reference
    _clock_init                               - Undefined Weak Reference
    _microlib_exit                            - Undefined Weak Reference
    __Vectors_Size                           0x00000130   Number         0  startup_stm32f10x_hd.o ABSOLUTE
    __Vectors                                0x08000000   Data           4  startup_stm32f10x_hd.o(RESET)
    __Vectors_End                            0x08000130   Data           0  startup_stm32f10x_hd.o(RESET)
    __main                                   0x08000131   Thumb Code     0  entry.o(.ARM.Collect$$$$00000000)
    _main_stk                                0x08000131   Thumb Code     0  entry2.o(.ARM.Collect$$$$00000001)
    _main_scatterload                        0x08000135   Thumb Code     0  entry5.o(.ARM.Collect$$$$00000004)
    __main_after_scatterload                 0x08000139   Thumb Code     0  entry5.o(.ARM.Collect$$$$00000004)
    _main_clock                              0x08000139   Thumb Code     0  entry7b.o(.ARM.Collect$$$$00000008)
    _main_cpp_init                           0x08000139   Thumb Code     0  entry8b.o(.ARM.Collect$$$$0000000A)
    _main_init                               0x08000139   Thumb Code     0  entry9a.o(.ARM.Collect$$$$0000000B)
    __rt_final_cpp                           0x08000141   Thumb Code     0  entry10a.o(.ARM.Collect$$$$0000000D)
    __rt_final_exit                          0x08000141   Thumb Code     0  entry11a.o(.ARM.Collect$$$$0000000F)
    Reset_Handler                            0x08000145   Thumb Code     8  startup_stm32f10x_hd.o(.text)
    NMI_Handler                              0x0800014d   Thumb Code     2  startup_stm32f10x_hd.o(.text)
    HardFault_Handler                        0x0800014f   Thumb Code     2  startup_stm32f10x_hd.o(.text)
    MemManage_Handler                        0x08000151   Thumb Code     2  startup_stm32f10x_hd.o(.text)
    BusFault_Handler                         0x08000153   Thumb Code     2  startup_stm32f10x_hd.o(.text)
    UsageFault_Handler                       0x08000155   Thumb Code     2  startup_stm32f10x_hd.o(.text)
    SVC_Handler                              0x08000157   Thumb Code     2  startup_stm32f10x_hd.o(.text)
    DebugMon_Handler                         0x08000159   Thumb Code     2  startup_stm32f10x_hd.o(.text)
    PendSV_Handler                           0x0800015b   Thumb Code     2  startup_stm32f10x_hd.o(.text)
    SysTick_Handler                          0x0800015d   Thumb Code     2  startup_stm32f10x_hd.o(.text)
    ADC1_2_IRQHandler                        0x0800015f   Thumb Code     0  startup_stm32f10x_hd.o(.text)
    ADC3_IRQHandler                          0x0800015f   Thumb Code     0  startup_stm32f10x_hd.o(.text)
    CAN1_RX1_IRQHandler                      0x0800015f   Thumb Code     0  startup_stm32f10x_hd.o(.text)
    CAN1_SCE_IRQHandler                      0x0800015f   Thumb Code     0  startup_stm32f10x_hd.o(.text)
    DMA1_Channel1_IRQHandler                 0x0800015f   Thumb Code     0  startup_stm32f10x_hd.o(.text)
    DMA1_Channel2_IRQHandler                 0x0800015f   Thumb Code     0  startup_stm32f10x_hd.o(.text)
    DMA1_Channel3_IRQHandler                 0x0800015f   Thumb Code     0  startup_stm32f10x_hd.o(.text)
    DMA1_Channel4_IRQHandler                 0x0800015f   Thumb Code     0  startup_stm32f10x_hd.o(.text)
    DMA1_Channel6_IRQHandler                 0x0800015f   Thumb Code     0  startup_stm32f10x_hd.o(.text)
    DMA1_Channel7_IRQHandler                 0x0800015f   Thumb Code     0  startup_stm32f10x_hd.o(.text)
    DMA2_Channel1_IRQHandler                 0x0800015f   Thumb Code     0  startup_stm32f10x_hd.o(.text)
    DMA2_Channel2_IRQHandler                 0x0800015f   Thumb Code     0  startup_stm32f10x_hd.o(.text)
    DMA2_Channel3_IRQHandler                 0x0800015f   Thumb Code     0  startup_stm32f10x_hd.o(.text)
    DMA2_Channel4_5_IRQHandler               0x0800015f   Thumb Code     0  startup_stm32f10x_hd.o(.text)
    EXTI0_IRQHandler                         0x0800015f   Thumb Code     0  startup_stm32f10x_hd.o(.text)
    EXTI15_10_IRQHandler                     0x0800015f   Thumb Code     0  startup_stm32f10x_hd.o(.text)
    EXTI1_IRQHandler                         0x0800015f   Thumb Code     0  startup_stm32f10x_hd.o(.text)
    EXTI2_IRQHandler                         0x0800015f   Thumb Code     0  startup_stm32f10x_hd.o(.text)
    EXTI3_IRQHandler                         0x0800015f   Thumb Code     0  startup_stm32f10x_hd.o(.text)
    EXTI4_IRQHandler                         0x0800015f   Thumb Code     0  startup_stm32f10x_hd.o(.text)
    EXTI9_5_IRQHandler                       0x0800015f   Thumb Code     0  startup_stm32f10x_hd.o(.text)
    FLASH_IRQHandler                         0x0800015f   Thumb Code     0  startup_stm32f10x_hd.o(.text)
    FSMC_IRQHandler                          0x0800015f   Thumb Code     0  startup_stm32f10x_hd.o(.text)
    I2C1_ER_IRQHandler                       0x0800015f   Thumb Code     0  startup_stm32f10x_hd.o(.text)
    I2C1_EV_IRQHandler                       0x0800015f   Thumb Code     0  startup_stm32f10x_hd.o(.text)
    I2C2_ER_IRQHandler                       0x0800015f   Thumb Code     0  startup_stm32f10x_hd.o(.text)
    I2C2_EV_IRQHandler                       0x0800015f   Thumb Code     0  startup_stm32f10x_hd.o(.text)
    PVD_IRQHandler                           0x0800015f   Thumb Code     0  startup_stm32f10x_hd.o(.text)
    RCC_IRQHandler                           0x0800015f   Thumb Code     0  startup_stm32f10x_hd.o(.text)
    RTCAlarm_IRQHandler                      0x0800015f   Thumb Code     0  startup_stm32f10x_hd.o(.text)
    RTC_IRQHandler                           0x0800015f   Thumb Code     0  startup_stm32f10x_hd.o(.text)
    SDIO_IRQHandler                          0x0800015f   Thumb Code     0  startup_stm32f10x_hd.o(.text)
    SPI1_IRQHandler                          0x0800015f   Thumb Code     0  startup_stm32f10x_hd.o(.text)
    SPI2_IRQHandler                          0x0800015f   Thumb Code     0  startup_stm32f10x_hd.o(.text)
    SPI3_IRQHandler                          0x0800015f   Thumb Code     0  startup_stm32f10x_hd.o(.text)
    TAMPER_IRQHandler                        0x0800015f   Thumb Code     0  startup_stm32f10x_hd.o(.text)
    TIM1_BRK_IRQHandler                      0x0800015f   Thumb Code     0  startup_stm32f10x_hd.o(.text)
    TIM1_CC_IRQHandler                       0x0800015f   Thumb Code     0  startup_stm32f10x_hd.o(.text)
    TIM1_TRG_COM_IRQHandler                  0x0800015f   Thumb Code     0  startup_stm32f10x_hd.o(.text)
    TIM1_UP_IRQHandler                       0x0800015f   Thumb Code     0  startup_stm32f10x_hd.o(.text)
    TIM2_IRQHandler                          0x0800015f   Thumb Code     0  startup_stm32f10x_hd.o(.text)
    TIM3_IRQHandler                          0x0800015f   Thumb Code     0  startup_stm32f10x_hd.o(.text)
    TIM4_IRQHandler                          0x0800015f   Thumb Code     0  startup_stm32f10x_hd.o(.text)
    TIM5_IRQHandler                          0x0800015f   Thumb Code     0  startup_stm32f10x_hd.o(.text)
    TIM6_IRQHandler                          0x0800015f   Thumb Code     0  startup_stm32f10x_hd.o(.text)
    TIM8_BRK_IRQHandler                      0x0800015f   Thumb Code     0  startup_stm32f10x_hd.o(.text)
    TIM8_CC_IRQHandler                       0x0800015f   Thumb Code     0  startup_stm32f10x_hd.o(.text)
    TIM8_TRG_COM_IRQHandler                  0x0800015f   Thumb Code     0  startup_stm32f10x_hd.o(.text)
    TIM8_UP_IRQHandler                       0x0800015f   Thumb Code     0  startup_stm32f10x_hd.o(.text)
    UART4_IRQHandler                         0x0800015f   Thumb Code     0  startup_stm32f10x_hd.o(.text)
    UART5_IRQHandler                         0x0800015f   Thumb Code     0  startup_stm32f10x_hd.o(.text)
    USART1_IRQHandler                        0x0800015f   Thumb Code     0  startup_stm32f10x_hd.o(.text)
    USART3_IRQHandler                        0x0800015f   Thumb Code     0  startup_stm32f10x_hd.o(.text)
    USBWakeUp_IRQHandler                     0x0800015f   Thumb Code     0  startup_stm32f10x_hd.o(.text)
    WWDG_IRQHandler                          0x0800015f   Thumb Code     0  startup_stm32f10x_hd.o(.text)
    __aeabi_fadd                             0x08000169   Thumb Code   164  fadd.o(.text)
    __aeabi_fsub                             0x0800020d   Thumb Code     6  fadd.o(.text)
    __aeabi_frsub                            0x08000213   Thumb Code     6  fadd.o(.text)
    __aeabi_fmul                             0x08000219   Thumb Code   100  fmul.o(.text)
    __aeabi_dadd                             0x0800027d   Thumb Code   322  dadd.o(.text)
    __aeabi_dsub                             0x080003bf   Thumb Code     6  dadd.o(.text)
    __aeabi_drsub                            0x080003c5   Thumb Code     6  dadd.o(.text)
    __aeabi_dmul                             0x080003cb   Thumb Code   228  dmul.o(.text)
    __aeabi_ddiv                             0x080004af   Thumb Code   222  ddiv.o(.text)
    __aeabi_i2d                              0x0800058d   Thumb Code    34  dflti.o(.text)
    __aeabi_ui2d                             0x080005af   Thumb Code    26  dfltui.o(.text)
    __aeabi_f2iz                             0x080005c9   Thumb Code    50  ffixi.o(.text)
    __aeabi_f2uiz                            0x080005fb   Thumb Code    40  ffixui.o(.text)
    __aeabi_d2iz                             0x08000623   Thumb Code    62  dfixi.o(.text)
    __aeabi_f2d                              0x08000661   Thumb Code    38  f2d.o(.text)
    __aeabi_cdcmpeq                          0x08000689   Thumb Code     0  cdcmple.o(.text)
    __aeabi_cdcmple                          0x08000689   Thumb Code    48  cdcmple.o(.text)
    __aeabi_cdrcmple                         0x080006b9   Thumb Code    48  cdrcmple.o(.text)
    __aeabi_d2f                              0x080006e9   Thumb Code    56  d2f.o(.text)
    __aeabi_cfcmpeq                          0x08000721   Thumb Code     0  cfcmple.o(.text)
    __aeabi_cfcmple                          0x08000721   Thumb Code    20  cfcmple.o(.text)
    __aeabi_cfrcmple                         0x08000735   Thumb Code    20  cfrcmple.o(.text)
    __aeabi_llsl                             0x08000749   Thumb Code    30  llshl.o(.text)
    _ll_shift_l                              0x08000749   Thumb Code     0  llshl.o(.text)
    __aeabi_llsr                             0x08000767   Thumb Code    32  llushr.o(.text)
    _ll_ushift_r                             0x08000767   Thumb Code     0  llushr.o(.text)
    __aeabi_lasr                             0x08000787   Thumb Code    36  llsshr.o(.text)
    _ll_sshift_r                             0x08000787   Thumb Code     0  llsshr.o(.text)
    __I$use$fp                               0x080007ab   Thumb Code     0  iusefp.o(.text)
    _float_round                             0x080007ab   Thumb Code    18  fepilogue.o(.text)
    _float_epilogue                          0x080007bd   Thumb Code    92  fepilogue.o(.text)
    _double_round                            0x08000819   Thumb Code    30  depilogue.o(.text)
    _double_epilogue                         0x08000837   Thumb Code   156  depilogue.o(.text)
    __ARM_scalbn                             0x080008d3   Thumb Code    46  dscalb.o(.text)
    scalbn                                   0x080008d3   Thumb Code     0  dscalb.o(.text)
    __scatterload                            0x08000901   Thumb Code    28  init.o(.text)
    __scatterload_rt2                        0x08000901   Thumb Code     0  init.o(.text)
    CAN1_Configuration                       0x08000925   Thumb Code   220  can.o(i.CAN1_Configuration)
    CAN_ClearITPendingBit                    0x08000a09   Thumb Code   162  stm32f10x_can.o(i.CAN_ClearITPendingBit)
    CAN_DeInit                               0x08000ab1   Thumb Code    50  stm32f10x_can.o(i.CAN_DeInit)
    CAN_FilterInit                           0x08000ae9   Thumb Code   258  stm32f10x_can.o(i.CAN_FilterInit)
    CAN_GetITStatus                          0x08000bf1   Thumb Code   284  stm32f10x_can.o(i.CAN_GetITStatus)
    CAN_ITConfig                             0x08000d11   Thumb Code    18  stm32f10x_can.o(i.CAN_ITConfig)
    CAN_Init                                 0x08000d23   Thumb Code   276  stm32f10x_can.o(i.CAN_Init)
    CAN_Receive                              0x08000e37   Thumb Code   240  stm32f10x_can.o(i.CAN_Receive)
    CAN_RoboModule_DRV_Config                0x08000f29   Thumb Code   118  can.o(i.CAN_RoboModule_DRV_Config)
    CAN_RoboModule_DRV_Mode_Choice           0x08000fa9   Thumb Code   104  can.o(i.CAN_RoboModule_DRV_Mode_Choice)
    CAN_RoboModule_DRV_Reset                 0x08001019   Thumb Code   104  can.o(i.CAN_RoboModule_DRV_Reset)
    CAN_RoboModule_DRV_Velocity_Mode         0x08001089   Thumb Code   152  can.o(i.CAN_RoboModule_DRV_Velocity_Mode)
    CAN_Transmit                             0x0800112d   Thumb Code   294  stm32f10x_can.o(i.CAN_Transmit)
    Chassis_Algorithm_Model                  0x08001255   Thumb Code   318  algorithm.o(i.Chassis_Algorithm_Model)
    Chassis_MOTOR_Init                       0x080013a1   Thumb Code    72  algorithm.o(i.Chassis_MOTOR_Init)
    DMA1_Channel5_IRQHandler                 0x08001401   Thumb Code   296  usart.o(i.DMA1_Channel5_IRQHandler)
    DMA_ClearFlag                            0x08001549   Thumb Code    18  stm32f10x_dma.o(i.DMA_ClearFlag)
    DMA_ClearITPendingBit                    0x08001565   Thumb Code    18  stm32f10x_dma.o(i.DMA_ClearITPendingBit)
    DMA_Cmd                                  0x08001581   Thumb Code    24  stm32f10x_dma.o(i.DMA_Cmd)
    DMA_DeInit                               0x08001599   Thumb Code   324  stm32f10x_dma.o(i.DMA_DeInit)
    DMA_GetFlagStatus                        0x080016e5   Thumb Code    36  stm32f10x_dma.o(i.DMA_GetFlagStatus)
    DMA_ITConfig                             0x08001711   Thumb Code    18  stm32f10x_dma.o(i.DMA_ITConfig)
    DMA_Init                                 0x08001723   Thumb Code    60  stm32f10x_dma.o(i.DMA_Init)
    GPIO_Init                                0x0800175f   Thumb Code   278  stm32f10x_gpio.o(i.GPIO_Init)
    GPIO_ResetBits                           0x08001875   Thumb Code     4  stm32f10x_gpio.o(i.GPIO_ResetBits)
    GPIO_SetBits                             0x08001879   Thumb Code     4  stm32f10x_gpio.o(i.GPIO_SetBits)
    NVIC_Configuration                       0x0800187d   Thumb Code    96  nvic.o(i.NVIC_Configuration)
    NVIC_Init                                0x080018dd   Thumb Code   100  misc.o(i.NVIC_Init)
    NVIC_PriorityGroupConfig                 0x0800194d   Thumb Code    10  misc.o(i.NVIC_PriorityGroupConfig)
    OLED_Clear                               0x08001961   Thumb Code    42  oled.o(i.OLED_Clear)
    OLED_DrawPoint                           0x08001991   Thumb Code   100  oled.o(i.OLED_DrawPoint)
    OLED_Init                                0x080019f9   Thumb Code   262  oled.o(i.OLED_Init)
    OLED_Refresh_Gram                        0x08001b15   Thumb Code    70  oled.o(i.OLED_Refresh_Gram)
    OLED_ShowChar                            0x08001b61   Thumb Code   158  oled.o(i.OLED_ShowChar)
    OLED_ShowNumber                          0x08001c09   Thumb Code   148  oled.o(i.OLED_ShowNumber)
    OLED_ShowString                          0x08001c9d   Thumb Code    68  oled.o(i.OLED_ShowString)
    OLED_WR_Byte                             0x08001ce1   Thumb Code   100  oled.o(i.OLED_WR_Byte)
    PID_AbsoluteMode                         0x08001d4d   Thumb Code   206  algorithm.o(i.PID_AbsoluteMode)
    RCC_AHBPeriphClockCmd                    0x08001e1d   Thumb Code    26  stm32f10x_rcc.o(i.RCC_AHBPeriphClockCmd)
    RCC_APB1PeriphClockCmd                   0x08001e3d   Thumb Code    26  stm32f10x_rcc.o(i.RCC_APB1PeriphClockCmd)
    RCC_APB1PeriphResetCmd                   0x08001e5d   Thumb Code    26  stm32f10x_rcc.o(i.RCC_APB1PeriphResetCmd)
    RCC_APB2PeriphClockCmd                   0x08001e7d   Thumb Code    26  stm32f10x_rcc.o(i.RCC_APB2PeriphClockCmd)
    RCC_APB2PeriphResetCmd                   0x08001e9d   Thumb Code    26  stm32f10x_rcc.o(i.RCC_APB2PeriphResetCmd)
    RCC_GetClocksFreq                        0x08001ebd   Thumb Code   192  stm32f10x_rcc.o(i.RCC_GetClocksFreq)
    Remote_Analysis                          0x08001f91   Thumb Code   260  algorithm.o(i.Remote_Analysis)
    SysDelay_ms                              0x080021a1   Thumb Code    64  delay.o(i.SysDelay_ms)
    SysTick_CLKSourceConfig                  0x080021e1   Thumb Code    40  misc.o(i.SysTick_CLKSourceConfig)
    SystemInit                               0x08002209   Thumb Code    78  system_stm32f10x.o(i.SystemInit)
    Systick_Configuration                    0x08002269   Thumb Code    12  delay.o(i.Systick_Configuration)
    TIM7_Configuration                       0x08002275   Thumb Code    76  time.o(i.TIM7_Configuration)
    TIM7_IRQHandler                          0x080022c5   Thumb Code    16  time.o(i.TIM7_IRQHandler)
    TIM_ClearITPendingBit                    0x080022d9   Thumb Code     6  stm32f10x_tim.o(i.TIM_ClearITPendingBit)
    TIM_Cmd                                  0x080022df   Thumb Code    24  stm32f10x_tim.o(i.TIM_Cmd)
    TIM_ITConfig                             0x080022f7   Thumb Code    18  stm32f10x_tim.o(i.TIM_ITConfig)
    TIM_TimeBaseInit                         0x08002309   Thumb Code   122  stm32f10x_tim.o(i.TIM_TimeBaseInit)
    TIM_UpdateRequestConfig                  0x080023ad   Thumb Code    24  stm32f10x_tim.o(i.TIM_UpdateRequestConfig)
    UART1_Configuration                      0x080023c5   Thumb Code   302  usart.o(i.UART1_Configuration)
    UART2_Configuration                      0x08002509   Thumb Code   140  usart.o(i.UART2_Configuration)
    USART1_DataSend                          0x0800259d   Thumb Code   150  usart.o(i.USART1_DataSend)
    USART2_IRQHandler                        0x08002649   Thumb Code   292  usart.o(i.USART2_IRQHandler)
    USART_ClearITPendingBit                  0x08002799   Thumb Code    30  stm32f10x_usart.o(i.USART_ClearITPendingBit)
    USART_Cmd                                0x080027b7   Thumb Code    24  stm32f10x_usart.o(i.USART_Cmd)
    USART_DMACmd                             0x080027cf   Thumb Code    18  stm32f10x_usart.o(i.USART_DMACmd)
    USART_DeInit                             0x080027e1   Thumb Code   134  stm32f10x_usart.o(i.USART_DeInit)
    USART_GetITStatus                        0x0800287d   Thumb Code    84  stm32f10x_usart.o(i.USART_GetITStatus)
    USART_ITConfig                           0x080028d1   Thumb Code    74  stm32f10x_usart.o(i.USART_ITConfig)
    USART_Init                               0x0800291d   Thumb Code   210  stm32f10x_usart.o(i.USART_Init)
    USART_ReceiveData                        0x080029f5   Thumb Code    10  stm32f10x_usart.o(i.USART_ReceiveData)
    USB_HP_CAN1_TX_IRQHandler                0x08002a01   Thumb Code    28  can.o(i.USB_HP_CAN1_TX_IRQHandler)
    USB_LP_CAN1_RX0_IRQHandler               0x08002a25   Thumb Code    36  can.o(i.USB_LP_CAN1_RX0_IRQHandler)
    __ARM_fpclassify                         0x08002a4d   Thumb Code    40  fpclassify.o(i.__ARM_fpclassify)
    __ieee754_rem_pio2                       0x08002a75   Thumb Code   828  rred.o(i.__ieee754_rem_pio2)
    __kernel_cos                             0x08002dfd   Thumb Code   230  cos_i.o(i.__kernel_cos)
    __kernel_poly                            0x08002ef9   Thumb Code   170  poly.o(i.__kernel_poly)
    __kernel_sin                             0x08002fa5   Thumb Code   224  sin_i.o(i.__kernel_sin)
    __mathlib_dbl_infnan                     0x08003091   Thumb Code     6  dunder.o(i.__mathlib_dbl_infnan)
    __mathlib_dbl_invalid                    0x08003097   Thumb Code    12  dunder.o(i.__mathlib_dbl_invalid)
    __mathlib_dbl_underflow                  0x080030a5   Thumb Code    10  dunder.o(i.__mathlib_dbl_underflow)
    __scatterload_copy                       0x080030b5   Thumb Code    14  handlers.o(i.__scatterload_copy)
    __scatterload_null                       0x080030c3   Thumb Code     2  handlers.o(i.__scatterload_null)
    __scatterload_zeroinit                   0x080030c5   Thumb Code    14  handlers.o(i.__scatterload_zeroinit)
    __set_errno                              0x080030d5   Thumb Code     6  errno.o(i.__set_errno)
    cos                                      0x080030e1   Thumb Code   148  cos.o(i.cos)
    main                                     0x0800317d   Thumb Code    44  main.o(i.main)
    oled_pow                                 0x080031a9   Thumb Code    22  oled.o(i.oled_pow)
    oled_show                                0x080031c1   Thumb Code   578  show.o(i.oled_show)
    sin                                      0x08003431   Thumb Code   150  sin.o(i.sin)
    oled_asc2_1206                           0x080034d0   Data        1140  oled.o(.constdata)
    oled_asc2_1608                           0x08003944   Data        1520  oled.o(.constdata)
    Region$$Table$$Base                      0x08004058   Number         0  anon$$obj.o(Region$$Table)
    Region$$Table$$Limit                     0x08004078   Number         0  anon$$obj.o(Region$$Table)
    can_tx_success_flag                      0x20000000   Data           1  can.o(.data)
    Real_Current_Value                       0x20000002   Data           8  can.o(.data)
    Real_Velocity_Value                      0x2000000a   Data           8  can.o(.data)
    Real_Online                              0x20000012   Data           4  can.o(.data)
    Real_Ctl1_Value                          0x20000016   Data           4  can.o(.data)
    Real_Ctl2_Value                          0x2000001a   Data           4  can.o(.data)
    USART_SEND_CRC                           0x20000020   Data           4  usart.o(.data)
    USART_READ_CRC                           0x20000024   Data           4  usart.o(.data)
    UART2_TxBuffer                           0x20000028   Data           5  usart.o(.data)
    run                                      0x20000030   Data           4  usart.o(.data)
    timede                                   0x20000034   Data           4  usart.o(.data)
    pos_x                                    0x20000038   Data           4  usart.o(.data)
    pos_y                                    0x2000003c   Data           4  usart.o(.data)
    zangle                                   0x20000040   Data           4  usart.o(.data)
    xangle                                   0x20000044   Data           4  usart.o(.data)
    yangle                                   0x20000048   Data           4  usart.o(.data)
    w_z                                      0x2000004c   Data           4  usart.o(.data)
    Remote_Set_Angle                         0x20000054   Data           4  algorithm.o(.data)
    slam_vx                                  0x20000058   Data           4  algorithm.o(.data)
    slam_vy                                  0x2000005c   Data           4  algorithm.o(.data)
    slam_vz                                  0x20000060   Data           4  algorithm.o(.data)
    Vx                                       0x20000064   Data           4  algorithm.o(.data)
    Vy                                       0x20000068   Data           4  algorithm.o(.data)
    Vz                                       0x2000006c   Data           4  algorithm.o(.data)
    USART_MID_Read                           0x20000090   Data          44  usart.o(.bss)
    USART_MID_Write                          0x200000bc   Data          44  usart.o(.bss)
    USART1_Read_DEF                          0x200000e8   Data          40  usart.o(.bss)
    USART1_POSITION_DATA                     0x20000110   Data          12  usart.o(.bss)
    JOY_DATA                                 0x2000011c   Data          41  usart.o(.bss)
    PAD_DATA                                 0x20000145   Data          41  usart.o(.bss)
    UART1_TxBuffer                           0x2000016e   Data          16  usart.o(.bss)
    UART2_RxBuffer                           0x2000017e   Data          28  usart.o(.bss)
    posture1                                 0x2000019c   Data          24  usart.o(.bss)
    Point_Angle_PID                          0x200001b4   Data          40  algorithm.o(.bss)
    Whole_PositionDEF                        0x200001dc   Data          40  algorithm.o(.bss)
    ACC_DEC_TYPEDEF                          0x20000204   Data          24  algorithm.o(.bss)
    MotorControlDEF                          0x2000021c   Data          12  algorithm.o(.bss)
    Remote_Angle_PID                         0x20000228   Data          40  algorithm.o(.bss)
    Whole_Position_Union                     0x20000250   Data          24  algorithm.o(.bss)
    OLED_GRAM                                0x20000268   Data        1024  oled.o(.bss)
    __initial_sp                             0x20000a68   Data           0  startup_stm32f10x_hd.o(STACK)



==============================================================================

Memory Map of the image

  Image Entry point : 0x08000131

  Load Region LR_IROM1 (Base: 0x08000000, Size: 0x00004108, Max: 0x00040000, ABSOLUTE)

    Execution Region ER_IROM1 (Base: 0x08000000, Size: 0x00004078, Max: 0x00040000, ABSOLUTE)

    Base Addr    Size         Type   Attr      Idx    E Section Name        Object

    0x08000000   0x00000130   Data   RO         2136    RESET               startup_stm32f10x_hd.o
    0x08000130   0x00000000   Code   RO         2221  * .ARM.Collect$$$$00000000  mc_w.l(entry.o)
    0x08000130   0x00000004   Code   RO         2295    .ARM.Collect$$$$00000001  mc_w.l(entry2.o)
    0x08000134   0x00000004   Code   RO         2298    .ARM.Collect$$$$00000004  mc_w.l(entry5.o)
    0x08000138   0x00000000   Code   RO         2300    .ARM.Collect$$$$00000008  mc_w.l(entry7b.o)
    0x08000138   0x00000000   Code   RO         2302    .ARM.Collect$$$$0000000A  mc_w.l(entry8b.o)
    0x08000138   0x00000008   Code   RO         2303    .ARM.Collect$$$$0000000B  mc_w.l(entry9a.o)
    0x08000140   0x00000000   Code   RO         2305    .ARM.Collect$$$$0000000D  mc_w.l(entry10a.o)
    0x08000140   0x00000000   Code   RO         2307    .ARM.Collect$$$$0000000F  mc_w.l(entry11a.o)
    0x08000140   0x00000004   Code   RO         2296    .ARM.Collect$$$$00002712  mc_w.l(entry2.o)
    0x08000144   0x00000024   Code   RO         2137    .text               startup_stm32f10x_hd.o
    0x08000168   0x000000b0   Code   RO         2224    .text               mf_w.l(fadd.o)
    0x08000218   0x00000064   Code   RO         2226    .text               mf_w.l(fmul.o)
    0x0800027c   0x0000014e   Code   RO         2230    .text               mf_w.l(dadd.o)
    0x080003ca   0x000000e4   Code   RO         2232    .text               mf_w.l(dmul.o)
    0x080004ae   0x000000de   Code   RO         2234    .text               mf_w.l(ddiv.o)
    0x0800058c   0x00000022   Code   RO         2240    .text               mf_w.l(dflti.o)
    0x080005ae   0x0000001a   Code   RO         2242    .text               mf_w.l(dfltui.o)
    0x080005c8   0x00000032   Code   RO         2244    .text               mf_w.l(ffixi.o)
    0x080005fa   0x00000028   Code   RO         2246    .text               mf_w.l(ffixui.o)
    0x08000622   0x0000003e   Code   RO         2248    .text               mf_w.l(dfixi.o)
    0x08000660   0x00000026   Code   RO         2250    .text               mf_w.l(f2d.o)
    0x08000686   0x00000002   PAD
    0x08000688   0x00000030   Code   RO         2252    .text               mf_w.l(cdcmple.o)
    0x080006b8   0x00000030   Code   RO         2254    .text               mf_w.l(cdrcmple.o)
    0x080006e8   0x00000038   Code   RO         2256    .text               mf_w.l(d2f.o)
    0x08000720   0x00000014   Code   RO         2258    .text               mf_w.l(cfcmple.o)
    0x08000734   0x00000014   Code   RO         2260    .text               mf_w.l(cfrcmple.o)
    0x08000748   0x0000001e   Code   RO         2309    .text               mc_w.l(llshl.o)
    0x08000766   0x00000020   Code   RO         2311    .text               mc_w.l(llushr.o)
    0x08000786   0x00000024   Code   RO         2313    .text               mc_w.l(llsshr.o)
    0x080007aa   0x00000000   Code   RO         2322    .text               mc_w.l(iusefp.o)
    0x080007aa   0x0000006e   Code   RO         2323    .text               mf_w.l(fepilogue.o)
    0x08000818   0x000000ba   Code   RO         2325    .text               mf_w.l(depilogue.o)
    0x080008d2   0x0000002e   Code   RO         2327    .text               mf_w.l(dscalb.o)
    0x08000900   0x00000024   Code   RO         2331    .text               mc_w.l(init.o)
    0x08000924   0x000000e4   Code   RO          133    i.CAN1_Configuration  can.o
    0x08000a08   0x000000a8   Code   RO          798    i.CAN_ClearITPendingBit  stm32f10x_can.o
    0x08000ab0   0x00000038   Code   RO          800    i.CAN_DeInit        stm32f10x_can.o
    0x08000ae8   0x00000108   Code   RO          802    i.CAN_FilterInit    stm32f10x_can.o
    0x08000bf0   0x00000120   Code   RO          804    i.CAN_GetITStatus   stm32f10x_can.o
    0x08000d10   0x00000012   Code   RO          808    i.CAN_ITConfig      stm32f10x_can.o
    0x08000d22   0x00000114   Code   RO          809    i.CAN_Init          stm32f10x_can.o
    0x08000e36   0x000000f0   Code   RO          812    i.CAN_Receive       stm32f10x_can.o
    0x08000f26   0x00000002   PAD
    0x08000f28   0x00000080   Code   RO          134    i.CAN_RoboModule_DRV_Config  can.o
    0x08000fa8   0x00000070   Code   RO          139    i.CAN_RoboModule_DRV_Mode_Choice  can.o
    0x08001018   0x00000070   Code   RO          143    i.CAN_RoboModule_DRV_Reset  can.o
    0x08001088   0x000000a4   Code   RO          144    i.CAN_RoboModule_DRV_Velocity_Mode  can.o
    0x0800112c   0x00000126   Code   RO          817    i.CAN_Transmit      stm32f10x_can.o
    0x08001252   0x00000002   PAD
    0x08001254   0x0000014c   Code   RO          475    i.Chassis_Algorithm_Model  algorithm.o
    0x080013a0   0x0000004c   Code   RO          476    i.Chassis_MOTOR_Init  algorithm.o
    0x080013ec   0x00000012   Code   RO          820    i.CheckITStatus     stm32f10x_can.o
    0x080013fe   0x00000002   PAD
    0x08001400   0x00000148   Code   RO          248    i.DMA1_Channel5_IRQHandler  usart.o
    0x08001548   0x0000001c   Code   RO          963    i.DMA_ClearFlag     stm32f10x_dma.o
    0x08001564   0x0000001c   Code   RO          964    i.DMA_ClearITPendingBit  stm32f10x_dma.o
    0x08001580   0x00000018   Code   RO          965    i.DMA_Cmd           stm32f10x_dma.o
    0x08001598   0x0000014c   Code   RO          966    i.DMA_DeInit        stm32f10x_dma.o
    0x080016e4   0x0000002c   Code   RO          968    i.DMA_GetFlagStatus  stm32f10x_dma.o
    0x08001710   0x00000012   Code   RO          970    i.DMA_ITConfig      stm32f10x_dma.o
    0x08001722   0x0000003c   Code   RO          971    i.DMA_Init          stm32f10x_dma.o
    0x0800175e   0x00000116   Code   RO         1053    i.GPIO_Init         stm32f10x_gpio.o
    0x08001874   0x00000004   Code   RO         1060    i.GPIO_ResetBits    stm32f10x_gpio.o
    0x08001878   0x00000004   Code   RO         1061    i.GPIO_SetBits      stm32f10x_gpio.o
    0x0800187c   0x00000060   Code   RO          721    i.NVIC_Configuration  nvic.o
    0x080018dc   0x00000070   Code   RO          748    i.NVIC_Init         misc.o
    0x0800194c   0x00000014   Code   RO          749    i.NVIC_PriorityGroupConfig  misc.o
    0x08001960   0x00000030   Code   RO          545    i.OLED_Clear        oled.o
    0x08001990   0x00000068   Code   RO          548    i.OLED_DrawPoint    oled.o
    0x080019f8   0x0000011c   Code   RO          550    i.OLED_Init         oled.o
    0x08001b14   0x0000004c   Code   RO          551    i.OLED_Refresh_Gram  oled.o
    0x08001b60   0x000000a8   Code   RO          552    i.OLED_ShowChar     oled.o
    0x08001c08   0x00000094   Code   RO          553    i.OLED_ShowNumber   oled.o
    0x08001c9c   0x00000044   Code   RO          554    i.OLED_ShowString   oled.o
    0x08001ce0   0x0000006c   Code   RO          555    i.OLED_WR_Byte      oled.o
    0x08001d4c   0x000000ce   Code   RO          477    i.PID_AbsoluteMode  algorithm.o
    0x08001e1a   0x00000002   PAD
    0x08001e1c   0x00000020   Code   RO         1174    i.RCC_AHBPeriphClockCmd  stm32f10x_rcc.o
    0x08001e3c   0x00000020   Code   RO         1175    i.RCC_APB1PeriphClockCmd  stm32f10x_rcc.o
    0x08001e5c   0x00000020   Code   RO         1176    i.RCC_APB1PeriphResetCmd  stm32f10x_rcc.o
    0x08001e7c   0x00000020   Code   RO         1177    i.RCC_APB2PeriphClockCmd  stm32f10x_rcc.o
    0x08001e9c   0x00000020   Code   RO         1178    i.RCC_APB2PeriphResetCmd  stm32f10x_rcc.o
    0x08001ebc   0x000000d4   Code   RO         1185    i.RCC_GetClocksFreq  stm32f10x_rcc.o
    0x08001f90   0x00000128   Code   RO          479    i.Remote_Analysis   algorithm.o
    0x080020b8   0x00000008   Code   RO         2144    i.SetSysClock       system_stm32f10x.o
    0x080020c0   0x000000e0   Code   RO         2145    i.SetSysClockTo72   system_stm32f10x.o
    0x080021a0   0x00000040   Code   RO          682    i.SysDelay_ms       delay.o
    0x080021e0   0x00000028   Code   RO          752    i.SysTick_CLKSourceConfig  misc.o
    0x08002208   0x00000060   Code   RO         2147    i.SystemInit        system_stm32f10x.o
    0x08002268   0x0000000c   Code   RO          684    i.Systick_Configuration  delay.o
    0x08002274   0x00000050   Code   RO          388    i.TIM7_Configuration  time.o
    0x080022c4   0x00000014   Code   RO          389    i.TIM7_IRQHandler   time.o
    0x080022d8   0x00000006   Code   RO         1396    i.TIM_ClearITPendingBit  stm32f10x_tim.o
    0x080022de   0x00000018   Code   RO         1401    i.TIM_Cmd           stm32f10x_tim.o
    0x080022f6   0x00000012   Code   RO         1426    i.TIM_ITConfig      stm32f10x_tim.o
    0x08002308   0x000000a4   Code   RO         1472    i.TIM_TimeBaseInit  stm32f10x_tim.o
    0x080023ac   0x00000018   Code   RO         1475    i.TIM_UpdateRequestConfig  stm32f10x_tim.o
    0x080023c4   0x00000144   Code   RO          249    i.UART1_Configuration  usart.o
    0x08002508   0x00000094   Code   RO          250    i.UART2_Configuration  usart.o
    0x0800259c   0x000000ac   Code   RO          251    i.USART1_DataSend   usart.o
    0x08002648   0x00000150   Code   RO          252    i.USART2_IRQHandler  usart.o
    0x08002798   0x0000001e   Code   RO         1946    i.USART_ClearITPendingBit  stm32f10x_usart.o
    0x080027b6   0x00000018   Code   RO         1949    i.USART_Cmd         stm32f10x_usart.o
    0x080027ce   0x00000012   Code   RO         1950    i.USART_DMACmd      stm32f10x_usart.o
    0x080027e0   0x0000009c   Code   RO         1951    i.USART_DeInit      stm32f10x_usart.o
    0x0800287c   0x00000054   Code   RO         1953    i.USART_GetITStatus  stm32f10x_usart.o
    0x080028d0   0x0000004a   Code   RO         1955    i.USART_ITConfig    stm32f10x_usart.o
    0x0800291a   0x00000002   PAD
    0x0800291c   0x000000d8   Code   RO         1956    i.USART_Init        stm32f10x_usart.o
    0x080029f4   0x0000000a   Code   RO         1963    i.USART_ReceiveData  stm32f10x_usart.o
    0x080029fe   0x00000002   PAD
    0x08002a00   0x00000024   Code   RO          146    i.USB_HP_CAN1_TX_IRQHandler  can.o
    0x08002a24   0x00000028   Code   RO          147    i.USB_LP_CAN1_RX0_IRQHandler  can.o
    0x08002a4c   0x00000028   Code   RO         2279    i.__ARM_fpclassify  m_ws.l(fpclassify.o)
    0x08002a74   0x00000388   Code   RO         2284    i.__ieee754_rem_pio2  m_ws.l(rred.o)
    0x08002dfc   0x000000fc   Code   RO         2262    i.__kernel_cos      m_ws.l(cos_i.o)
    0x08002ef8   0x000000aa   Code   RO         2281    i.__kernel_poly     m_ws.l(poly.o)
    0x08002fa2   0x00000002   PAD
    0x08002fa4   0x000000ec   Code   RO         2289    i.__kernel_sin      m_ws.l(sin_i.o)
    0x08003090   0x00000006   Code   RO         2266    i.__mathlib_dbl_infnan  m_ws.l(dunder.o)
    0x08003096   0x0000000c   Code   RO         2268    i.__mathlib_dbl_invalid  m_ws.l(dunder.o)
    0x080030a2   0x00000002   PAD
    0x080030a4   0x00000010   Code   RO         2271    i.__mathlib_dbl_underflow  m_ws.l(dunder.o)
    0x080030b4   0x0000000e   Code   RO         2335    i.__scatterload_copy  mc_w.l(handlers.o)
    0x080030c2   0x00000002   Code   RO         2336    i.__scatterload_null  mc_w.l(handlers.o)
    0x080030c4   0x0000000e   Code   RO         2337    i.__scatterload_zeroinit  mc_w.l(handlers.o)
    0x080030d2   0x00000002   PAD
    0x080030d4   0x0000000c   Code   RO         2317    i.__set_errno       mc_w.l(errno.o)
    0x080030e0   0x0000009c   Code   RO         2188    i.cos               m_ws.l(cos.o)
    0x0800317c   0x0000002c   Code   RO            4    i.main              main.o
    0x080031a8   0x00000016   Code   RO          556    i.oled_pow          oled.o
    0x080031be   0x00000002   PAD
    0x080031c0   0x00000270   Code   RO          654    i.oled_show         show.o
    0x08003430   0x000000a0   Code   RO         2206    i.sin               m_ws.l(sin.o)
    0x080034d0   0x00000a64   Data   RO          558    .constdata          oled.o
    0x08003f34   0x00000004   PAD
    0x08003f38   0x00000030   Data   RO         2263    .constdata          m_ws.l(cos_i.o)
    0x08003f68   0x000000c8   Data   RO         2286    .constdata          m_ws.l(rred.o)
    0x08004030   0x00000028   Data   RO         2290    .constdata          m_ws.l(sin_i.o)
    0x08004058   0x00000020   Data   RO         2333    Region$$Table       anon$$obj.o


    Execution Region RW_IRAM1 (Base: 0x20000000, Size: 0x00000a68, Max: 0x0000c000, ABSOLUTE)

    Base Addr    Size         Type   Attr      Idx    E Section Name        Object

    0x20000000   0x0000001e   Data   RW          149    .data               can.o
    0x2000001e   0x00000002   PAD
    0x20000020   0x00000033   Data   RW          254    .data               usart.o
    0x20000053   0x00000001   PAD
    0x20000054   0x00000022   Data   RW          482    .data               algorithm.o
    0x20000076   0x00000014   Data   RW         1205    .data               stm32f10x_rcc.o
    0x2000008a   0x00000002   PAD
    0x2000008c   0x00000004   Data   RW         2318    .data               mc_w.l(errno.o)
    0x20000090   0x00000124   Zero   RW          253    .bss                usart.o
    0x200001b4   0x000000b4   Zero   RW          481    .bss                algorithm.o
    0x20000268   0x00000400   Zero   RW          557    .bss                oled.o
    0x20000668   0x00000400   Zero   RW         2134    STACK               startup_stm32f10x_hd.o


==============================================================================

Image component sizes


      Code (inc. data)   RO Data    RW Data    ZI Data      Debug   Object Name

       910         54          0         34        180       4456   algorithm.o
       820         58          0         30          0       5766   can.o
        76          0          0          0          0        890   delay.o
        44          0          0          0          0     273991   main.o
       172         22          0          0          0       2245   misc.o
        96          0          0          0          0        505   nvic.o
      1026         56       2660          0       1024       6370   oled.o
       624         46          0          0          0        576   show.o
        36          8        304          0       1024        792   startup_stm32f10x_hd.o
      1622         22          0          0          0       7303   stm32f10x_can.o
       534         36          0          0          0       5977   stm32f10x_dma.o
       286          0          0          0          0       3216   stm32f10x_gpio.o
       372         50          0         20          0       6420   stm32f10x_rcc.o
       236         42          0          0          0       3702   stm32f10x_tim.o
       612         28          0          0          0       7194   stm32f10x_usart.o
       328         28          0          0          0       1901   system_stm32f10x.o
       100          8          0          0          0        891   time.o
      1308        134          0         51        292       4777   usart.o

    ----------------------------------------------------------------------
      9216        592       3000        140       2520     336972   Object Totals
         0          0         32          0          0          0   (incl. Generated)
        14          0          4          5          0          0   (incl. Padding)

    ----------------------------------------------------------------------

      Code (inc. data)   RO Data    RW Data    ZI Data      Debug   Library Member Name

       156          8          0          0          0        104   cos.o
       252         22         48          0          0        124   cos_i.o
        34          6          0          0          0        204   dunder.o
        40          0          0          0          0         68   fpclassify.o
       170          0          0          0          0         96   poly.o
       904         76        200          0          0        140   rred.o
       160         10          0          0          0        108   sin.o
       236         12         40          0          0        128   sin_i.o
         0          0          0          0          0          0   entry.o
         0          0          0          0          0          0   entry10a.o
         0          0          0          0          0          0   entry11a.o
         8          4          0          0          0          0   entry2.o
         4          0          0          0          0          0   entry5.o
         0          0          0          0          0          0   entry7b.o
         0          0          0          0          0          0   entry8b.o
         8          4          0          0          0          0   entry9a.o
        12          6          0          4          0         68   errno.o
        30          0          0          0          0          0   handlers.o
        36          8          0          0          0         68   init.o
         0          0          0          0          0          0   iusefp.o
        30          0          0          0          0         68   llshl.o
        36          0          0          0          0         68   llsshr.o
        32          0          0          0          0         68   llushr.o
        48          0          0          0          0         68   cdcmple.o
        48          0          0          0          0         68   cdrcmple.o
        20          0          0          0          0         68   cfcmple.o
        20          0          0          0          0         68   cfrcmple.o
        56          0          0          0          0         88   d2f.o
       334          0          0          0          0        148   dadd.o
       222          0          0          0          0        100   ddiv.o
       186          0          0          0          0        176   depilogue.o
        62          0          0          0          0         80   dfixi.o
        34          0          0          0          0         76   dflti.o
        26          0          0          0          0         76   dfltui.o
       228          0          0          0          0         96   dmul.o
        46          0          0          0          0         80   dscalb.o
        38          0          0          0          0         68   f2d.o
       176          0          0          0          0        140   fadd.o
       110          0          0          0          0        168   fepilogue.o
        50          0          0          0          0         68   ffixi.o
        40          0          0          0          0         68   ffixui.o
       100          0          0          0          0         76   fmul.o

    ----------------------------------------------------------------------
      4000        156        288          4          0       3092   Library Totals
         8          0          0          0          0          0   (incl. Padding)

    ----------------------------------------------------------------------

      Code (inc. data)   RO Data    RW Data    ZI Data      Debug   Library Name

      1952        134        288          0          0        972   m_ws.l
       196         22          0          4          0        340   mc_w.l
      1844          0          0          0          0       1780   mf_w.l

    ----------------------------------------------------------------------
      4000        156        288          4          0       3092   Library Totals

    ----------------------------------------------------------------------

==============================================================================


      Code (inc. data)   RO Data    RW Data    ZI Data      Debug   

     13216        748       3288        144       2520     334756   Grand Totals
     13216        748       3288        144       2520     334756   ELF Image Totals
     13216        748       3288        144          0          0   ROM Totals

==============================================================================

    Total RO  Size (Code + RO Data)                16504 (  16.12kB)
    Total RW  Size (RW Data + ZI Data)              2664 (   2.60kB)
    Total ROM Size (Code + RO Data + RW Data)      16648 (  16.26kB)

==============================================================================

